Archive member included to satisfy reference by file (symbol)

c:/st/stm32cubeide_1.9.0/stm32cubeide/plugins/com.st.stm32cube.ide.mcu.externaltools.gnu-tools-for-stm32.10.3-2021.10.win32_1.0.0.202111181127/tools/bin/../lib/gcc/arm-none-eabi/10.3.1/../../../../arm-none-eabi/lib/thumb/v7-m/nofp\libc_nano.a(lib_a-errno.o)
                              ./Core/Src/syscalls.o (__errno)
c:/st/stm32cubeide_1.9.0/stm32cubeide/plugins/com.st.stm32cube.ide.mcu.externaltools.gnu-tools-for-stm32.10.3-2021.10.win32_1.0.0.202111181127/tools/bin/../lib/gcc/arm-none-eabi/10.3.1/../../../../arm-none-eabi/lib/thumb/v7-m/nofp\libc_nano.a(lib_a-exit.o)
                              c:/st/stm32cubeide_1.9.0/stm32cubeide/plugins/com.st.stm32cube.ide.mcu.externaltools.gnu-tools-for-stm32.10.3-2021.10.win32_1.0.0.202111181127/tools/bin/../lib/gcc/arm-none-eabi/10.3.1/../../../../arm-none-eabi/lib/thumb/v7-m/nofp/crt0.o (exit)
c:/st/stm32cubeide_1.9.0/stm32cubeide/plugins/com.st.stm32cube.ide.mcu.externaltools.gnu-tools-for-stm32.10.3-2021.10.win32_1.0.0.202111181127/tools/bin/../lib/gcc/arm-none-eabi/10.3.1/../../../../arm-none-eabi/lib/thumb/v7-m/nofp\libc_nano.a(lib_a-impure.o)
                              c:/st/stm32cubeide_1.9.0/stm32cubeide/plugins/com.st.stm32cube.ide.mcu.externaltools.gnu-tools-for-stm32.10.3-2021.10.win32_1.0.0.202111181127/tools/bin/../lib/gcc/arm-none-eabi/10.3.1/../../../../arm-none-eabi/lib/thumb/v7-m/nofp\libc_nano.a(lib_a-exit.o) (_global_impure_ptr)
c:/st/stm32cubeide_1.9.0/stm32cubeide/plugins/com.st.stm32cube.ide.mcu.externaltools.gnu-tools-for-stm32.10.3-2021.10.win32_1.0.0.202111181127/tools/bin/../lib/gcc/arm-none-eabi/10.3.1/../../../../arm-none-eabi/lib/thumb/v7-m/nofp\libc_nano.a(lib_a-init.o)
                              c:/st/stm32cubeide_1.9.0/stm32cubeide/plugins/com.st.stm32cube.ide.mcu.externaltools.gnu-tools-for-stm32.10.3-2021.10.win32_1.0.0.202111181127/tools/bin/../lib/gcc/arm-none-eabi/10.3.1/../../../../arm-none-eabi/lib/thumb/v7-m/nofp/crt0.o (__libc_init_array)
c:/st/stm32cubeide_1.9.0/stm32cubeide/plugins/com.st.stm32cube.ide.mcu.externaltools.gnu-tools-for-stm32.10.3-2021.10.win32_1.0.0.202111181127/tools/bin/../lib/gcc/arm-none-eabi/10.3.1/../../../../arm-none-eabi/lib/thumb/v7-m/nofp\libc_nano.a(lib_a-memset.o)
                              c:/st/stm32cubeide_1.9.0/stm32cubeide/plugins/com.st.stm32cube.ide.mcu.externaltools.gnu-tools-for-stm32.10.3-2021.10.win32_1.0.0.202111181127/tools/bin/../lib/gcc/arm-none-eabi/10.3.1/../../../../arm-none-eabi/lib/thumb/v7-m/nofp/crt0.o (memset)

Discarded input sections

 .text          0x0000000000000000        0x0 c:/st/stm32cubeide_1.9.0/stm32cubeide/plugins/com.st.stm32cube.ide.mcu.externaltools.gnu-tools-for-stm32.10.3-2021.10.win32_1.0.0.202111181127/tools/bin/../lib/gcc/arm-none-eabi/10.3.1/thumb/v7-m/nofp/crti.o
 .data          0x0000000000000000        0x0 c:/st/stm32cubeide_1.9.0/stm32cubeide/plugins/com.st.stm32cube.ide.mcu.externaltools.gnu-tools-for-stm32.10.3-2021.10.win32_1.0.0.202111181127/tools/bin/../lib/gcc/arm-none-eabi/10.3.1/thumb/v7-m/nofp/crti.o
 .bss           0x0000000000000000        0x0 c:/st/stm32cubeide_1.9.0/stm32cubeide/plugins/com.st.stm32cube.ide.mcu.externaltools.gnu-tools-for-stm32.10.3-2021.10.win32_1.0.0.202111181127/tools/bin/../lib/gcc/arm-none-eabi/10.3.1/thumb/v7-m/nofp/crti.o
 .data          0x0000000000000000        0x4 c:/st/stm32cubeide_1.9.0/stm32cubeide/plugins/com.st.stm32cube.ide.mcu.externaltools.gnu-tools-for-stm32.10.3-2021.10.win32_1.0.0.202111181127/tools/bin/../lib/gcc/arm-none-eabi/10.3.1/thumb/v7-m/nofp/crtbegin.o
 .rodata        0x0000000000000000       0x24 c:/st/stm32cubeide_1.9.0/stm32cubeide/plugins/com.st.stm32cube.ide.mcu.externaltools.gnu-tools-for-stm32.10.3-2021.10.win32_1.0.0.202111181127/tools/bin/../lib/gcc/arm-none-eabi/10.3.1/thumb/v7-m/nofp/crtbegin.o
 .text          0x0000000000000000       0x7c c:/st/stm32cubeide_1.9.0/stm32cubeide/plugins/com.st.stm32cube.ide.mcu.externaltools.gnu-tools-for-stm32.10.3-2021.10.win32_1.0.0.202111181127/tools/bin/../lib/gcc/arm-none-eabi/10.3.1/../../../../arm-none-eabi/lib/thumb/v7-m/nofp/crt0.o
 .data          0x0000000000000000        0x0 c:/st/stm32cubeide_1.9.0/stm32cubeide/plugins/com.st.stm32cube.ide.mcu.externaltools.gnu-tools-for-stm32.10.3-2021.10.win32_1.0.0.202111181127/tools/bin/../lib/gcc/arm-none-eabi/10.3.1/../../../../arm-none-eabi/lib/thumb/v7-m/nofp/crt0.o
 .bss           0x0000000000000000        0x0 c:/st/stm32cubeide_1.9.0/stm32cubeide/plugins/com.st.stm32cube.ide.mcu.externaltools.gnu-tools-for-stm32.10.3-2021.10.win32_1.0.0.202111181127/tools/bin/../lib/gcc/arm-none-eabi/10.3.1/../../../../arm-none-eabi/lib/thumb/v7-m/nofp/crt0.o
[...]
Memory Configuration

Name             Origin             Length             Attributes
RAM              0x0000000020000000 0x0000000000010000 xrw
FLASH            0x0000000008000000 0x0000000000080000 xr
*default*        0x0000000000000000 0xffffffffffffffff

Linker script and memory map

LOAD c:/st/stm32cubeide_1.9.0/stm32cubeide/plugins/com.st.stm32cube.ide.mcu.externaltools.gnu-tools-for-stm32.10.3-2021.10.win32_1.0.0.202111181127/tools/bin/../lib/gcc/arm-none-eabi/10.3.1/thumb/v7-m/nofp/crti.o
LOAD c:/st/stm32cubeide_1.9.0/stm32cubeide/plugins/com.st.stm32cube.ide.mcu.externaltools.gnu-tools-for-stm32.10.3-2021.10.win32_1.0.0.202111181127/tools/bin/../lib/gcc/arm-none-eabi/10.3.1/thumb/v7-m/nofp/crtbegin.o
LOAD c:/st/stm32cubeide_1.9.0/stm32cubeide/plugins/com.st.stm32cube.ide.mcu.externaltools.gnu-tools-for-stm32.10.3-2021.10.win32_1.0.0.202111181127/tools/bin/../lib/gcc/arm-none-eabi/10.3.1/../../../../arm-none-eabi/lib/thumb/v7-m/nofp/crt0.o
LOAD ./Core/Src/an_apple.o
LOAD ./Core/Src/blank_space.o
LOAD ./Core/Src/dy_sv17f.o
LOAD ./Core/Src/lcd.o
LOAD ./Core/Src/led_blink.o
LOAD ./Core/Src/main.o
LOAD ./Core/Src/menu.o
LOAD ./Core/Src/stm32f1xx_hal_msp.o
LOAD ./Core/Src/stm32f1xx_it.o
LOAD ./Core/Src/syscalls.o
LOAD ./Core/Src/sysmem.o
LOAD ./Core/Src/system_stm32f1xx.o
LOAD ./Core/Src/uart.o
LOAD ./Core/Startup/startup_stm32f103vetx.o
LOAD ./Drivers/STM32F1xx_HAL_Driver/Src/stm32f1xx_hal.o
LOAD ./Drivers/STM32F1xx_HAL_Driver/Src/stm32f1xx_hal_cortex.o
LOAD ./Drivers/STM32F1xx_HAL_Driver/Src/stm32f1xx_hal_dma.o
LOAD ./Drivers/STM32F1xx_HAL_Driver/Src/stm32f1xx_hal_exti.o
LOAD ./Drivers/STM32F1xx_HAL_Driver/Src/stm32f1xx_hal_flash.o
LOAD ./Drivers/STM32F1xx_HAL_Driver/Src/stm32f1xx_hal_flash_ex.o
LOAD ./Drivers/STM32F1xx_HAL_Driver/Src/stm32f1xx_hal_gpio.o
LOAD ./Drivers/STM32F1xx_HAL_Driver/Src/stm32f1xx_hal_gpio_ex.o
LOAD ./Drivers/STM32F1xx_HAL_Driver/Src/stm32f1xx_hal_pwr.o
LOAD ./Drivers/STM32F1xx_HAL_Driver/Src/stm32f1xx_hal_rcc.o
LOAD ./Drivers/STM32F1xx_HAL_Driver/Src/stm32f1xx_hal_rcc_ex.o
LOAD ./Drivers/STM32F1xx_HAL_Driver/Src/stm32f1xx_hal_sram.o
LOAD ./Drivers/STM32F1xx_HAL_Driver/Src/stm32f1xx_hal_tim.o
LOAD ./Drivers/STM32F1xx_HAL_Driver/Src/stm32f1xx_hal_tim_ex.o
LOAD ./Drivers/STM32F1xx_HAL_Driver/Src/stm32f1xx_hal_uart.o
LOAD ./Drivers/STM32F1xx_HAL_Driver/Src/stm32f1xx_ll_fsmc.o
START GROUP
LOAD c:/st/stm32cubeide_1.9.0/stm32cubeide/plugins/com.st.stm32cube.ide.mcu.externaltools.gnu-tools-for-stm32.10.3-2021.10.win32_1.0.0.202111181127/tools/bin/../lib/gcc/arm-none-eabi/10.3.1/../../../../arm-none-eabi/lib/thumb/v7-m/nofp\libc_nano.a
LOAD c:/st/stm32cubeide_1.9.0/stm32cubeide/plugins/com.st.stm32cube.ide.mcu.externaltools.gnu-tools-for-stm32.10.3-2021.10.win32_1.0.0.202111181127/tools/bin/../lib/gcc/arm-none-eabi/10.3.1/../../../../arm-none-eabi/lib/thumb/v7-m/nofp\libm.a
END GROUP
START GROUP
LOAD c:/st/stm32cubeide_1.9.0/stm32cubeide/plugins/com.st.stm32cube.ide.mcu.externaltools.gnu-tools-for-stm32.10.3-2021.10.win32_1.0.0.202111181127/tools/bin/../lib/gcc/arm-none-eabi/10.3.1/thumb/v7-m/nofp\libgcc.a
LOAD c:/st/stm32cubeide_1.9.0/stm32cubeide/plugins/com.st.stm32cube.ide.mcu.externaltools.gnu-tools-for-stm32.10.3-2021.10.win32_1.0.0.202111181127/tools/bin/../lib/gcc/arm-none-eabi/10.3.1/../../../../arm-none-eabi/lib/thumb/v7-m/nofp\libc_nano.a
END GROUP
START GROUP
LOAD c:/st/stm32cubeide_1.9.0/stm32cubeide/plugins/com.st.stm32cube.ide.mcu.externaltools.gnu-tools-for-stm32.10.3-2021.10.win32_1.0.0.202111181127/tools/bin/../lib/gcc/arm-none-eabi/10.3.1/thumb/v7-m/nofp\libgcc.a
LOAD c:/st/stm32cubeide_1.9.0/stm32cubeide/plugins/com.st.stm32cube.ide.mcu.externaltools.gnu-tools-for-stm32.10.3-2021.10.win32_1.0.0.202111181127/tools/bin/../lib/gcc/arm-none-eabi/10.3.1/../../../../arm-none-eabi/lib/thumb/v7-m/nofp\libc_nano.a
LOAD c:/st/stm32cubeide_1.9.0/stm32cubeide/plugins/com.st.stm32cube.ide.mcu.externaltools.gnu-tools-for-stm32.10.3-2021.10.win32_1.0.0.202111181127/tools/bin/../lib/gcc/arm-none-eabi/10.3.1/../../../../arm-none-eabi/lib/thumb/v7-m/nofp\libnosys.a
END GROUP
START GROUP
LOAD c:/st/stm32cubeide_1.9.0/stm32cubeide/plugins/com.st.stm32cube.ide.mcu.externaltools.gnu-tools-for-stm32.10.3-2021.10.win32_1.0.0.202111181127/tools/bin/../lib/gcc/arm-none-eabi/10.3.1/thumb/v7-m/nofp\libgcc.a
LOAD c:/st/stm32cubeide_1.9.0/stm32cubeide/plugins/com.st.stm32cube.ide.mcu.externaltools.gnu-tools-for-stm32.10.3-2021.10.win32_1.0.0.202111181127/tools/bin/../lib/gcc/arm-none-eabi/10.3.1/../../../../arm-none-eabi/lib/thumb/v7-m/nofp\libc_nano.a
LOAD c:/st/stm32cubeide_1.9.0/stm32cubeide/plugins/com.st.stm32cube.ide.mcu.externaltools.gnu-tools-for-stm32.10.3-2021.10.win32_1.0.0.202111181127/tools/bin/../lib/gcc/arm-none-eabi/10.3.1/../../../../arm-none-eabi/lib/thumb/v7-m/nofp\libnosys.a
END GROUP
LOAD c:/st/stm32cubeide_1.9.0/stm32cubeide/plugins/com.st.stm32cube.ide.mcu.externaltools.gnu-tools-for-stm32.10.3-2021.10.win32_1.0.0.202111181127/tools/bin/../lib/gcc/arm-none-eabi/10.3.1/thumb/v7-m/nofp/crtend.o
LOAD c:/st/stm32cubeide_1.9.0/stm32cubeide/plugins/com.st.stm32cube.ide.mcu.externaltools.gnu-tools-for-stm32.10.3-2021.10.win32_1.0.0.202111181127/tools/bin/../lib/gcc/arm-none-eabi/10.3.1/thumb/v7-m/nofp/crtn.o
                0x0000000020010000                _estack = (ORIGIN (RAM) + LENGTH (RAM))
                0x0000000000000200                _Min_Heap_Size = 0x200
                0x0000000000000400                _Min_Stack_Size = 0x400

.isr_vector     0x0000000008000000      0x1e4
                0x0000000008000000                . = ALIGN (0x4)
 *(.isr_vector)
 .isr_vector    0x0000000008000000      0x1e4 ./Core/Startup/startup_stm32f103vetx.o
                0x0000000008000000                g_pfnVectors
                0x00000000080001e4                . = ALIGN (0x4)

.text           0x00000000080001e4     0x314c
                0x00000000080001e4                . = ALIGN (0x4)
 *(.text)
 .text          0x00000000080001e4       0x40 c:/st/stm32cubeide_1.9.0/stm32cubeide/plugins/com.st.stm32cube.ide.mcu.externaltools.gnu-tools-for-stm32.10.3-2021.10.win32_1.0.0.202111181127/tools/bin/../lib/gcc/arm-none-eabi/10.3.1/thumb/v7-m/nofp/crtbegin.o
 *(.text*)
 .text.an_apple_LCD
                0x0000000008000224       0x68 ./Core/Src/an_apple.o
                0x0000000008000224                an_apple_LCD
 .text.an_apple_musicMap
                0x000000000800028c      0x274 ./Core/Src/an_apple.o
                0x000000000800028c                an_apple_musicMap
 .text.blank_space_LCD
                0x0000000008000500       0x68 ./Core/Src/blank_space.o
                0x0000000008000500                blank_space_LCD
 .text.blank_space_musicMap
                0x0000000008000568      0x208 ./Core/Src/blank_space.o
                0x0000000008000568                blank_space_musicMap
 .text.DY_Init  0x0000000008000770       0x1c ./Core/Src/dy_sv17f.o
                0x0000000008000770                DY_Init
 .text.Delay    0x000000000800078c       0x22 ./Core/Src/lcd.o
                0x000000000800078c                Delay
 .text.LCD_INIT
                0x00000000080007ae       0x2e ./Core/Src/lcd.o
                0x00000000080007ae                LCD_INIT
 .text.LCD_Rst  0x00000000080007dc       0x30 ./Core/Src/lcd.o
                0x00000000080007dc                LCD_Rst
 .text.LCD_BackLed_Control
                0x000000000800080c       0x38 ./Core/Src/lcd.o
                0x000000000800080c                LCD_BackLed_Control
 .text.LCD_Write_Cmd
                0x0000000008000844       0x1c ./Core/Src/lcd.o
                0x0000000008000844                LCD_Write_Cmd
 .text.LCD_Write_Data
                0x0000000008000860       0x20 ./Core/Src/lcd.o
                0x0000000008000860                LCD_Write_Data
 .text.LCD_REG_Config
                0x0000000008000880      0x234 ./Core/Src/lcd.o
                0x0000000008000880                LCD_REG_Config
 .text.LCD_OpenWindow
                0x0000000008000ab4       0xb2 ./Core/Src/lcd.o
                0x0000000008000ab4                LCD_OpenWindow
 .text.LCD_FillColor
                0x0000000008000b66       0x3c ./Core/Src/lcd.o
                0x0000000008000b66                LCD_FillColor
 .text.LCD_Clear
                0x0000000008000ba2       0x46 ./Core/Src/lcd.o
                0x0000000008000ba2                LCD_Clear
 .text.LCD_DrawChar
                0x0000000008000be8       0x8c ./Core/Src/lcd.o
                0x0000000008000be8                LCD_DrawChar
 .text.LCD_DrawString
                0x0000000008000c74       0x5e ./Core/Src/lcd.o
                0x0000000008000c74                LCD_DrawString
 *fill*         0x0000000008000cd2        0x2 
 .text.main     0x0000000008000cd4      0x1ec ./Core/Src/main.o
                0x0000000008000cd4                main
 .text.SystemClock_Config
                0x0000000008000ec0       0x8a ./Core/Src/main.o
                0x0000000008000ec0                SystemClock_Config
 *fill*         0x0000000008000f4a        0x2 
 .text.MX_TIM1_Init
                0x0000000008000f4c      0x10c ./Core/Src/main.o
 .text.MX_USART1_UART_Init
                0x0000000008001058       0x54 ./Core/Src/main.o
 .text.MX_GPIO_Init
                0x00000000080010ac      0x17c ./Core/Src/main.o
 .text.MX_FSMC_Init
                0x0000000008001228       0xc8 ./Core/Src/main.o
 .text.Error_Handler
                0x00000000080012f0        0xa ./Core/Src/main.o
                0x00000000080012f0                Error_Handler
 *fill*         0x00000000080012fa        0x2 
 .text.printMenu
                0x00000000080012fc       0xbc ./Core/Src/menu.o
                0x00000000080012fc                printMenu
 .text.HAL_MspInit
                0x00000000080013b8       0x64 ./Core/Src/stm32f1xx_hal_msp.o
                0x00000000080013b8                HAL_MspInit
 .text.HAL_TIM_PWM_MspInit
                0x000000000800141c       0x3c ./Core/Src/stm32f1xx_hal_msp.o
                0x000000000800141c                HAL_TIM_PWM_MspInit
 .text.HAL_TIM_MspPostInit
                0x0000000008001458       0x68 ./Core/Src/stm32f1xx_hal_msp.o
                0x0000000008001458                HAL_TIM_MspPostInit
 .text.HAL_UART_MspInit
                0x00000000080014c0       0x98 ./Core/Src/stm32f1xx_hal_msp.o
                0x00000000080014c0                HAL_UART_MspInit
 .text.HAL_FSMC_MspInit
                0x0000000008001558       0x88 ./Core/Src/stm32f1xx_hal_msp.o
 .text.HAL_SRAM_MspInit
                0x00000000080015e0       0x14 ./Core/Src/stm32f1xx_hal_msp.o
                0x00000000080015e0                HAL_SRAM_MspInit
 .text.NMI_Handler
                0x00000000080015f4        0x6 ./Core/Src/stm32f1xx_it.o
                0x00000000080015f4                NMI_Handler
 .text.HardFault_Handler
                0x00000000080015fa        0x6 ./Core/Src/stm32f1xx_it.o
                0x00000000080015fa                HardFault_Handler
 .text.MemManage_Handler
                0x0000000008001600        0x6 ./Core/Src/stm32f1xx_it.o
                0x0000000008001600                MemManage_Handler
 .text.BusFault_Handler
                0x0000000008001606        0x6 ./Core/Src/stm32f1xx_it.o
                0x0000000008001606                BusFault_Handler
 .text.UsageFault_Handler
                0x000000000800160c        0x6 ./Core/Src/stm32f1xx_it.o
                0x000000000800160c                UsageFault_Handler
 .text.SVC_Handler
                0x0000000008001612        0xc ./Core/Src/stm32f1xx_it.o
                0x0000000008001612                SVC_Handler
 .text.DebugMon_Handler
                0x000000000800161e        0xc ./Core/Src/stm32f1xx_it.o
                0x000000000800161e                DebugMon_Handler
 .text.PendSV_Handler
                0x000000000800162a        0xc ./Core/Src/stm32f1xx_it.o
                0x000000000800162a                PendSV_Handler
 .text.SysTick_Handler
                0x0000000008001636        0xc ./Core/Src/stm32f1xx_it.o
                0x0000000008001636                SysTick_Handler
 .text.SystemInit
                0x0000000008001642        0xc ./Core/Src/system_stm32f1xx.o
                0x0000000008001642                SystemInit
 *fill*         0x000000000800164e        0x2 
 .text.Reset_Handler
                0x0000000008001650       0x48 ./Core/Startup/startup_stm32f103vetx.o
                0x0000000008001650                Reset_Handler
 .text.Default_Handler
                0x0000000008001698        0x2 ./Core/Startup/startup_stm32f103vetx.o
                0x0000000008001698                RTC_Alarm_IRQHandler
                0x0000000008001698                EXTI2_IRQHandler
                0x0000000008001698                TIM8_TRG_COM_IRQHandler
                0x0000000008001698                TIM8_CC_IRQHandler
                0x0000000008001698                TIM1_CC_IRQHandler
                0x0000000008001698                TIM6_IRQHandler
                0x0000000008001698                PVD_IRQHandler
                0x0000000008001698                SDIO_IRQHandler
                0x0000000008001698                EXTI3_IRQHandler
                0x0000000008001698                EXTI0_IRQHandler
                0x0000000008001698                I2C2_EV_IRQHandler
                0x0000000008001698                ADC1_2_IRQHandler
                0x0000000008001698                SPI1_IRQHandler
                0x0000000008001698                TAMPER_IRQHandler
                0x0000000008001698                TIM8_UP_IRQHandler
                0x0000000008001698                DMA2_Channel2_IRQHandler
                0x0000000008001698                DMA1_Channel4_IRQHandler
                0x0000000008001698                USART3_IRQHandler
                0x0000000008001698                RTC_IRQHandler
                0x0000000008001698                DMA1_Channel7_IRQHandler
                0x0000000008001698                CAN1_RX1_IRQHandler
                0x0000000008001698                UART5_IRQHandler
                0x0000000008001698                ADC3_IRQHandler
                0x0000000008001698                TIM4_IRQHandler
                0x0000000008001698                DMA2_Channel1_IRQHandler
                0x0000000008001698                I2C1_EV_IRQHandler
                0x0000000008001698                DMA1_Channel6_IRQHandler
                0x0000000008001698                UART4_IRQHandler
                0x0000000008001698                TIM3_IRQHandler
                0x0000000008001698                RCC_IRQHandler
                0x0000000008001698                TIM1_TRG_COM_IRQHandler
                0x0000000008001698                DMA1_Channel1_IRQHandler
                0x0000000008001698                Default_Handler
                0x0000000008001698                EXTI15_10_IRQHandler
                0x0000000008001698                TIM7_IRQHandler
                0x0000000008001698                TIM5_IRQHandler
                0x0000000008001698                EXTI9_5_IRQHandler
                0x0000000008001698                SPI2_IRQHandler
                0x0000000008001698                DMA1_Channel5_IRQHandler
                0x0000000008001698                EXTI4_IRQHandler
                0x0000000008001698                USB_LP_CAN1_RX0_IRQHandler
                0x0000000008001698                USB_HP_CAN1_TX_IRQHandler
                0x0000000008001698                DMA1_Channel3_IRQHandler
                0x0000000008001698                FSMC_IRQHandler
                0x0000000008001698                TIM1_UP_IRQHandler
                0x0000000008001698                WWDG_IRQHandler
                0x0000000008001698                TIM2_IRQHandler
                0x0000000008001698                TIM1_BRK_IRQHandler
                0x0000000008001698                EXTI1_IRQHandler
                0x0000000008001698                DMA2_Channel4_5_IRQHandler
                0x0000000008001698                USART2_IRQHandler
                0x0000000008001698                I2C2_ER_IRQHandler
                0x0000000008001698                DMA1_Channel2_IRQHandler
                0x0000000008001698                TIM8_BRK_IRQHandler
                0x0000000008001698                CAN1_SCE_IRQHandler
                0x0000000008001698                FLASH_IRQHandler
                0x0000000008001698                USART1_IRQHandler
                0x0000000008001698                SPI3_IRQHandler
                0x0000000008001698                I2C1_ER_IRQHandler
                0x0000000008001698                USBWakeUp_IRQHandler
                0x0000000008001698                DMA2_Channel3_IRQHandler
 *fill*         0x000000000800169a        0x2 
 .text.HAL_Init
                0x000000000800169c       0x2c ./Drivers/STM32F1xx_HAL_Driver/Src/stm32f1xx_hal.o
                0x000000000800169c                HAL_Init
 .text.HAL_InitTick
                0x00000000080016c8       0x60 ./Drivers/STM32F1xx_HAL_Driver/Src/stm32f1xx_hal.o
                0x00000000080016c8                HAL_InitTick
 .text.HAL_IncTick
                0x0000000008001728       0x24 ./Drivers/STM32F1xx_HAL_Driver/Src/stm32f1xx_hal.o
                0x0000000008001728                HAL_IncTick
 .text.HAL_GetTick
                0x000000000800174c       0x14 ./Drivers/STM32F1xx_HAL_Driver/Src/stm32f1xx_hal.o
                0x000000000800174c                HAL_GetTick
 .text.HAL_Delay
                0x0000000008001760       0x48 ./Drivers/STM32F1xx_HAL_Driver/Src/stm32f1xx_hal.o
                0x0000000008001760                HAL_Delay
 .text.__NVIC_SetPriorityGrouping
                0x00000000080017a8       0x48 ./Drivers/STM32F1xx_HAL_Driver/Src/stm32f1xx_hal_cortex.o
 .text.__NVIC_GetPriorityGrouping
                0x00000000080017f0       0x1c ./Drivers/STM32F1xx_HAL_Driver/Src/stm32f1xx_hal_cortex.o
 .text.__NVIC_SetPriority
                0x000000000800180c       0x54 ./Drivers/STM32F1xx_HAL_Driver/Src/stm32f1xx_hal_cortex.o
 .text.NVIC_EncodePriority
                0x0000000008001860       0x64 ./Drivers/STM32F1xx_HAL_Driver/Src/stm32f1xx_hal_cortex.o
 .text.SysTick_Config
                0x00000000080018c4       0x44 ./Drivers/STM32F1xx_HAL_Driver/Src/stm32f1xx_hal_cortex.o
 .text.HAL_NVIC_SetPriorityGrouping
                0x0000000008001908       0x16 ./Drivers/STM32F1xx_HAL_Driver/Src/stm32f1xx_hal_cortex.o
                0x0000000008001908                HAL_NVIC_SetPriorityGrouping
 .text.HAL_NVIC_SetPriority
                0x000000000800191e       0x38 ./Drivers/STM32F1xx_HAL_Driver/Src/stm32f1xx_hal_cortex.o
                0x000000000800191e                HAL_NVIC_SetPriority
 .text.HAL_SYSTICK_Config
                0x0000000008001956       0x18 ./Drivers/STM32F1xx_HAL_Driver/Src/stm32f1xx_hal_cortex.o
                0x0000000008001956                HAL_SYSTICK_Config
 *fill*         0x000000000800196e        0x2 
 .text.HAL_GPIO_Init
                0x0000000008001970      0x328 ./Drivers/STM32F1xx_HAL_Driver/Src/stm32f1xx_hal_gpio.o
                0x0000000008001970                HAL_GPIO_Init
 .text.HAL_GPIO_ReadPin
                0x0000000008001c98       0x2e ./Drivers/STM32F1xx_HAL_Driver/Src/stm32f1xx_hal_gpio.o
                0x0000000008001c98                HAL_GPIO_ReadPin
 .text.HAL_GPIO_WritePin
                0x0000000008001cc6       0x30 ./Drivers/STM32F1xx_HAL_Driver/Src/stm32f1xx_hal_gpio.o
                0x0000000008001cc6                HAL_GPIO_WritePin
 *fill*         0x0000000008001cf6        0x2 
 .text.HAL_RCC_OscConfig
                0x0000000008001cf8      0x504 ./Drivers/STM32F1xx_HAL_Driver/Src/stm32f1xx_hal_rcc.o
                0x0000000008001cf8                HAL_RCC_OscConfig
 .text.HAL_RCC_ClockConfig
                0x00000000080021fc      0x1d4 ./Drivers/STM32F1xx_HAL_Driver/Src/stm32f1xx_hal_rcc.o
                0x00000000080021fc                HAL_RCC_ClockConfig
 .text.HAL_RCC_GetSysClockFreq
                0x00000000080023d0       0xbc ./Drivers/STM32F1xx_HAL_Driver/Src/stm32f1xx_hal_rcc.o
                0x00000000080023d0                HAL_RCC_GetSysClockFreq
 .text.HAL_RCC_GetHCLKFreq
                0x000000000800248c       0x14 ./Drivers/STM32F1xx_HAL_Driver/Src/stm32f1xx_hal_rcc.o
                0x000000000800248c                HAL_RCC_GetHCLKFreq
 .text.HAL_RCC_GetPCLK1Freq
                0x00000000080024a0       0x28 ./Drivers/STM32F1xx_HAL_Driver/Src/stm32f1xx_hal_rcc.o
                0x00000000080024a0                HAL_RCC_GetPCLK1Freq
 .text.HAL_RCC_GetPCLK2Freq
                0x00000000080024c8       0x28 ./Drivers/STM32F1xx_HAL_Driver/Src/stm32f1xx_hal_rcc.o
                0x00000000080024c8                HAL_RCC_GetPCLK2Freq
 .text.RCC_Delay
                0x00000000080024f0       0x3c ./Drivers/STM32F1xx_HAL_Driver/Src/stm32f1xx_hal_rcc.o
 .text.HAL_SRAM_Init
                0x000000000800252c       0x9a ./Drivers/STM32F1xx_HAL_Driver/Src/stm32f1xx_hal_sram.o
                0x000000000800252c                HAL_SRAM_Init
 .text.HAL_TIM_PWM_Init
                0x00000000080025c6       0x9e ./Drivers/STM32F1xx_HAL_Driver/Src/stm32f1xx_hal_tim.o
                0x00000000080025c6                HAL_TIM_PWM_Init
 .text.HAL_TIM_PWM_ConfigChannel
                0x0000000008002664      0x17c ./Drivers/STM32F1xx_HAL_Driver/Src/stm32f1xx_hal_tim.o
                0x0000000008002664                HAL_TIM_PWM_ConfigChannel
 .text.TIM_Base_SetConfig
                0x00000000080027e0       0xf4 ./Drivers/STM32F1xx_HAL_Driver/Src/stm32f1xx_hal_tim.o
                0x00000000080027e0                TIM_Base_SetConfig
 .text.TIM_OC1_SetConfig
                0x00000000080028d4       0xe0 ./Drivers/STM32F1xx_HAL_Driver/Src/stm32f1xx_hal_tim.o
 .text.TIM_OC2_SetConfig
                0x00000000080029b4       0xe8 ./Drivers/STM32F1xx_HAL_Driver/Src/stm32f1xx_hal_tim.o
                0x00000000080029b4                TIM_OC2_SetConfig
 .text.TIM_OC3_SetConfig
                0x0000000008002a9c       0xe8 ./Drivers/STM32F1xx_HAL_Driver/Src/stm32f1xx_hal_tim.o
 .text.TIM_OC4_SetConfig
                0x0000000008002b84       0xa8 ./Drivers/STM32F1xx_HAL_Driver/Src/stm32f1xx_hal_tim.o
 .text.HAL_TIMEx_MasterConfigSynchronization
                0x0000000008002c2c       0xd8 ./Drivers/STM32F1xx_HAL_Driver/Src/stm32f1xx_hal_tim_ex.o
                0x0000000008002c2c                HAL_TIMEx_MasterConfigSynchronization
 .text.HAL_TIMEx_ConfigBreakDeadTime
                0x0000000008002d04       0xa2 ./Drivers/STM32F1xx_HAL_Driver/Src/stm32f1xx_hal_tim_ex.o
                0x0000000008002d04                HAL_TIMEx_ConfigBreakDeadTime
 .text.HAL_UART_Init
                0x0000000008002da6       0x9a ./Drivers/STM32F1xx_HAL_Driver/Src/stm32f1xx_hal_uart.o
                0x0000000008002da6                HAL_UART_Init
 .text.HAL_UART_Transmit
                0x0000000008002e40      0x124 ./Drivers/STM32F1xx_HAL_Driver/Src/stm32f1xx_hal_uart.o
                0x0000000008002e40                HAL_UART_Transmit
 .text.UART_WaitOnFlagUntilTimeout
                0x0000000008002f64       0x94 ./Drivers/STM32F1xx_HAL_Driver/Src/stm32f1xx_hal_uart.o
 .text.UART_SetConfig
                0x0000000008002ff8      0x11c ./Drivers/STM32F1xx_HAL_Driver/Src/stm32f1xx_hal_uart.o
 .text.FSMC_NORSRAM_Init
                0x0000000008003114       0xd4 ./Drivers/STM32F1xx_HAL_Driver/Src/stm32f1xx_ll_fsmc.o
                0x0000000008003114                FSMC_NORSRAM_Init
 .text.FSMC_NORSRAM_Timing_Init
                0x00000000080031e8       0x68 ./Drivers/STM32F1xx_HAL_Driver/Src/stm32f1xx_ll_fsmc.o
                0x00000000080031e8                FSMC_NORSRAM_Timing_Init
 .text.FSMC_NORSRAM_Extended_Timing_Init
                0x0000000008003250       0x70 ./Drivers/STM32F1xx_HAL_Driver/Src/stm32f1xx_ll_fsmc.o
                0x0000000008003250                FSMC_NORSRAM_Extended_Timing_Init
 .text.__libc_init_array
                0x00000000080032c0       0x48 c:/st/stm32cubeide_1.9.0/stm32cubeide/plugins/com.st.stm32cube.ide.mcu.externaltools.gnu-tools-for-stm32.10.3-2021.10.win32_1.0.0.202111181127/tools/bin/../lib/gcc/arm-none-eabi/10.3.1/../../../../arm-none-eabi/lib/thumb/v7-m/nofp\libc_nano.a(lib_a-init.o)
                0x00000000080032c0                __libc_init_array
 .text.memset   0x0000000008003308       0x10 c:/st/stm32cubeide_1.9.0/stm32cubeide/plugins/com.st.stm32cube.ide.mcu.externaltools.gnu-tools-for-stm32.10.3-2021.10.win32_1.0.0.202111181127/tools/bin/../lib/gcc/arm-none-eabi/10.3.1/../../../../arm-none-eabi/lib/thumb/v7-m/nofp\libc_nano.a(lib_a-memset.o)
                0x0000000008003308                memset
 *(.glue_7)
 .glue_7        0x0000000008003318        0x0 linker stubs
 *(.glue_7t)
 .glue_7t       0x0000000008003318        0x0 linker stubs
 *(.eh_frame)
 .eh_frame      0x0000000008003318        0x0 c:/st/stm32cubeide_1.9.0/stm32cubeide/plugins/com.st.stm32cube.ide.mcu.externaltools.gnu-tools-for-stm32.10.3-2021.10.win32_1.0.0.202111181127/tools/bin/../lib/gcc/arm-none-eabi/10.3.1/thumb/v7-m/nofp/crtbegin.o
 *(.init)
 .init          0x0000000008003318        0x4 c:/st/stm32cubeide_1.9.0/stm32cubeide/plugins/com.st.stm32cube.ide.mcu.externaltools.gnu-tools-for-stm32.10.3-2021.10.win32_1.0.0.202111181127/tools/bin/../lib/gcc/arm-none-eabi/10.3.1/thumb/v7-m/nofp/crti.o
                0x0000000008003318                _init
 .init          0x000000000800331c        0x8 c:/st/stm32cubeide_1.9.0/stm32cubeide/plugins/com.st.stm32cube.ide.mcu.externaltools.gnu-tools-for-stm32.10.3-2021.10.win32_1.0.0.202111181127/tools/bin/../lib/gcc/arm-none-eabi/10.3.1/thumb/v7-m/nofp/crtn.o
 *(.fini)
 .fini          0x0000000008003324        0x4 c:/st/stm32cubeide_1.9.0/stm32cubeide/plugins/com.st.stm32cube.ide.mcu.externaltools.gnu-tools-for-stm32.10.3-2021.10.win32_1.0.0.202111181127/tools/bin/../lib/gcc/arm-none-eabi/10.3.1/thumb/v7-m/nofp/crti.o
                0x0000000008003324                _fini
 .fini          0x0000000008003328        0x8 c:/st/stm32cubeide_1.9.0/stm32cubeide/plugins/com.st.stm32cube.ide.mcu.externaltools.gnu-tools-for-stm32.10.3-2021.10.win32_1.0.0.202111181127/tools/bin/../lib/gcc/arm-none-eabi/10.3.1/thumb/v7-m/nofp/crtn.o
                0x0000000008003330                . = ALIGN (0x4)
                0x0000000008003330                _etext = .

.vfp11_veneer   0x0000000008003330        0x0
 .vfp11_veneer  0x0000000008003330        0x0 linker stubs

.v4_bx          0x0000000008003330        0x0
 .v4_bx         0x0000000008003330        0x0 linker stubs

.iplt           0x0000000008003330        0x0
 .iplt          0x0000000008003330        0x0 c:/st/stm32cubeide_1.9.0/stm32cubeide/plugins/com.st.stm32cube.ide.mcu.externaltools.gnu-tools-for-stm32.10.3-2021.10.win32_1.0.0.202111181127/tools/bin/../lib/gcc/arm-none-eabi/10.3.1/thumb/v7-m/nofp/crtbegin.o

.rodata         0x0000000008003330      0x794
                0x0000000008003330                . = ALIGN (0x4)
 *(.rodata)
 .rodata        0x0000000008003330       0x36 ./Core/Src/an_apple.o
 *fill*         0x0000000008003366        0x2 
 .rodata        0x0000000008003368       0x3a ./Core/Src/blank_space.o
 *fill*         0x00000000080033a2        0x2 
 .rodata        0x00000000080033a4       0x2f ./Core/Src/main.o
 *fill*         0x00000000080033d3        0x1 
 .rodata        0x00000000080033d4       0xd7 ./Core/Src/menu.o
 *fill*         0x00000000080034ab        0x1 
 .rodata        0x00000000080034ac       0x10 ./Drivers/STM32F1xx_HAL_Driver/Src/stm32f1xx_hal_rcc.o
 *(.rodata*)
 .rodata.ucAscii_1608
                0x00000000080034bc      0x5f0 ./Core/Src/lcd.o
                0x00000000080034bc                ucAscii_1608
 .rodata.AHBPrescTable
                0x0000000008003aac       0x10 ./Core/Src/system_stm32f1xx.o
                0x0000000008003aac                AHBPrescTable
 .rodata.APBPrescTable
                0x0000000008003abc        0x8 ./Core/Src/system_stm32f1xx.o
                0x0000000008003abc                APBPrescTable
                0x0000000008003ac4                . = ALIGN (0x4)

.rel.dyn        0x0000000008003ac4        0x0
 .rel.iplt      0x0000000008003ac4        0x0 c:/st/stm32cubeide_1.9.0/stm32cubeide/plugins/com.st.stm32cube.ide.mcu.externaltools.gnu-tools-for-stm32.10.3-2021.10.win32_1.0.0.202111181127/tools/bin/../lib/gcc/arm-none-eabi/10.3.1/thumb/v7-m/nofp/crtbegin.o

.ARM.extab      0x0000000008003ac4        0x0
                0x0000000008003ac4                . = ALIGN (0x4)
 *(.ARM.extab* .gnu.linkonce.armextab.*)
                0x0000000008003ac4                . = ALIGN (0x4)

.ARM            0x0000000008003ac4        0x0
                0x0000000008003ac4                . = ALIGN (0x4)
                0x0000000008003ac4                __exidx_start = .
 *(.ARM.exidx*)
                0x0000000008003ac4                __exidx_end = .
                0x0000000008003ac4                . = ALIGN (0x4)

.preinit_array  0x0000000008003ac4        0x0
                0x0000000008003ac4                . = ALIGN (0x4)
                0x0000000008003ac4                PROVIDE (__preinit_array_start = .)
 *(.preinit_array*)
                0x0000000008003ac4                PROVIDE (__preinit_array_end = .)
                0x0000000008003ac4                . = ALIGN (0x4)

.init_array     0x0000000008003ac4        0x4
                0x0000000008003ac4                . = ALIGN (0x4)
                0x0000000008003ac4                PROVIDE (__init_array_start = .)
 *(SORT_BY_NAME(.init_array.*))
 *(.init_array*)
 .init_array    0x0000000008003ac4        0x4 c:/st/stm32cubeide_1.9.0/stm32cubeide/plugins/com.st.stm32cube.ide.mcu.externaltools.gnu-tools-for-stm32.10.3-2021.10.win32_1.0.0.202111181127/tools/bin/../lib/gcc/arm-none-eabi/10.3.1/thumb/v7-m/nofp/crtbegin.o
                0x0000000008003ac8                PROVIDE (__init_array_end = .)
                0x0000000008003ac8                . = ALIGN (0x4)

.fini_array     0x0000000008003ac8        0x4
                0x0000000008003ac8                . = ALIGN (0x4)
                [!provide]                        PROVIDE (__fini_array_start = .)
 *(SORT_BY_NAME(.fini_array.*))
 *(.fini_array*)
 .fini_array    0x0000000008003ac8        0x4 c:/st/stm32cubeide_1.9.0/stm32cubeide/plugins/com.st.stm32cube.ide.mcu.externaltools.gnu-tools-for-stm32.10.3-2021.10.win32_1.0.0.202111181127/tools/bin/../lib/gcc/arm-none-eabi/10.3.1/thumb/v7-m/nofp/crtbegin.o
                [!provide]                        PROVIDE (__fini_array_end = .)
                0x0000000008003acc                . = ALIGN (0x4)
                0x0000000008003acc                _sidata = LOADADDR (.data)

.data           0x0000000020000000        0xc load address 0x0000000008003acc
                0x0000000020000000                . = ALIGN (0x4)
                0x0000000020000000                _sdata = .
 *(.data)
 *(.data*)
 .data.SystemCoreClock
                0x0000000020000000        0x4 ./Core/Src/system_stm32f1xx.o
                0x0000000020000000                SystemCoreClock
 .data.uwTickPrio
                0x0000000020000004        0x4 ./Drivers/STM32F1xx_HAL_Driver/Src/stm32f1xx_hal.o
                0x0000000020000004                uwTickPrio
 .data.uwTickFreq
                0x0000000020000008        0x1 ./Drivers/STM32F1xx_HAL_Driver/Src/stm32f1xx_hal.o
                0x0000000020000008                uwTickFreq
 *(.RamFunc)
 *(.RamFunc*)
                0x000000002000000c                . = ALIGN (0x4)
 *fill*         0x0000000020000009        0x3 
                0x000000002000000c                _edata = .

.igot.plt       0x000000002000000c        0x0 load address 0x0000000008003ad8
 .igot.plt      0x000000002000000c        0x0 c:/st/stm32cubeide_1.9.0/stm32cubeide/plugins/com.st.stm32cube.ide.mcu.externaltools.gnu-tools-for-stm32.10.3-2021.10.win32_1.0.0.202111181127/tools/bin/../lib/gcc/arm-none-eabi/10.3.1/thumb/v7-m/nofp/crtbegin.o
                0x000000002000000c                . = ALIGN (0x4)

.bss            0x000000002000000c      0x114 load address 0x0000000008003ad8
                0x000000002000000c                _sbss = .
                0x000000002000000c                __bss_start__ = _sbss
 *(.bss)
 .bss           0x000000002000000c       0x1c c:/st/stm32cubeide_1.9.0/stm32cubeide/plugins/com.st.stm32cube.ide.mcu.externaltools.gnu-tools-for-stm32.10.3-2021.10.win32_1.0.0.202111181127/tools/bin/../lib/gcc/arm-none-eabi/10.3.1/thumb/v7-m/nofp/crtbegin.o
 *(.bss*)
 .bss.lastToggleTime_apple
                0x0000000020000028        0x4 ./Core/Src/an_apple.o
                0x0000000020000028                lastToggleTime_apple
 .bss.currentState_apple
                0x000000002000002c        0x1 ./Core/Src/an_apple.o
                0x000000002000002c                currentState_apple
 *fill*         0x000000002000002d        0x3 
 .bss.cycleFinished_apple
                0x0000000020000030        0x4 ./Core/Src/an_apple.o
                0x0000000020000030                cycleFinished_apple
 .bss.lastToggleTime_blank
                0x0000000020000034        0x4 ./Core/Src/blank_space.o
                0x0000000020000034                lastToggleTime_blank
 .bss.currentState_blank
                0x0000000020000038        0x1 ./Core/Src/blank_space.o
                0x0000000020000038                currentState_blank
 *fill*         0x0000000020000039        0x3 
 .bss.cycleFinished_blank
                0x000000002000003c        0x4 ./Core/Src/blank_space.o
                0x000000002000003c                cycleFinished_blank
 .bss.DYuart    0x0000000020000040        0x4 ./Core/Src/dy_sv17f.o
 .bss.htim1     0x0000000020000044       0x48 ./Core/Src/main.o
                0x0000000020000044                htim1
 .bss.huart1    0x000000002000008c       0x44 ./Core/Src/main.o
                0x000000002000008c                huart1
 .bss.hsram1    0x00000000200000d0       0x48 ./Core/Src/main.o
                0x00000000200000d0                hsram1
 .bss.FSMC_Initialized
                0x0000000020000118        0x4 ./Core/Src/stm32f1xx_hal_msp.o
 .bss.uwTick    0x000000002000011c        0x4 ./Drivers/STM32F1xx_HAL_Driver/Src/stm32f1xx_hal.o
                0x000000002000011c                uwTick
 *(COMMON)
                0x0000000020000120                . = ALIGN (0x4)
                0x0000000020000120                _ebss = .
                0x0000000020000120                __bss_end__ = _ebss

._user_heap_stack
                0x0000000020000120      0x600 load address 0x0000000008003ad8
                0x0000000020000120                . = ALIGN (0x8)
                [!provide]                        PROVIDE (end = .)
                0x0000000020000120                PROVIDE (_end = .)
                0x0000000020000320                . = (. + _Min_Heap_Size)
 *fill*         0x0000000020000120      0x200 
                0x0000000020000720                . = (. + _Min_Stack_Size)
 *fill*         0x0000000020000320      0x400 
                0x0000000020000720                . = ALIGN (0x8)

/DISCARD/
 libc.a(*)
 libm.a(*)
 libgcc.a(*)

.ARM.attributes
                0x0000000000000000       0x29
 *(.ARM.attributes)
 .ARM.attributes
                0x0000000000000000       0x1d c:/st/stm32cubeide_1.9.0/stm32cubeide/plugins/com.st.stm32cube.ide.mcu.externaltools.gnu-tools-for-stm32.10.3-2021.10.win32_1.0.0.202111181127/tools/bin/../lib/gcc/arm-none-eabi/10.3.1/thumb/v7-m/nofp/crti.o
 .ARM.attributes
                0x000000000000001d       0x2d c:/st/stm32cubeide_1.9.0/stm32cubeide/plugins/com.st.stm32cube.ide.mcu.externaltools.gnu-tools-for-stm32.10.3-2021.10.win32_1.0.0.202111181127/tools/bin/../lib/gcc/arm-none-eabi/10.3.1/thumb/v7-m/nofp/crtbegin.o
 .ARM.attributes
                0x000000000000004a       0x2d ./Core/Src/an_apple.o
 .ARM.attributes
                0x0000000000000077       0x2d ./Core/Src/blank_space.o
 .ARM.attributes
                0x00000000000000a4       0x2d ./Core/Src/dy_sv17f.o
 .ARM.attributes
                0x00000000000000d1       0x2d ./Core/Src/lcd.o
 .ARM.attributes
                0x00000000000000fe       0x2d ./Core/Src/main.o
 .ARM.attributes
                0x000000000000012b       0x2d ./Core/Src/menu.o
 .ARM.attributes
                0x0000000000000158       0x2d ./Core/Src/stm32f1xx_hal_msp.o
 .ARM.attributes
                0x0000000000000185       0x2d ./Core/Src/stm32f1xx_it.o
 .ARM.attributes
                0x00000000000001b2       0x2d ./Core/Src/system_stm32f1xx.o
 .ARM.attributes
                0x00000000000001df       0x21 ./Core/Startup/startup_stm32f103vetx.o
 .ARM.attributes
                0x0000000000000200       0x2d ./Drivers/STM32F1xx_HAL_Driver/Src/stm32f1xx_hal.o
 .ARM.attributes
                0x000000000000022d       0x2d ./Drivers/STM32F1xx_HAL_Driver/Src/stm32f1xx_hal_cortex.o
 .ARM.attributes
                0x000000000000025a       0x2d ./Drivers/STM32F1xx_HAL_Driver/Src/stm32f1xx_hal_gpio.o
 .ARM.attributes
                0x0000000000000287       0x2d ./Drivers/STM32F1xx_HAL_Driver/Src/stm32f1xx_hal_rcc.o
 .ARM.attributes
                0x00000000000002b4       0x2d ./Drivers/STM32F1xx_HAL_Driver/Src/stm32f1xx_hal_sram.o
 .ARM.attributes
                0x00000000000002e1       0x2d ./Drivers/STM32F1xx_HAL_Driver/Src/stm32f1xx_hal_tim.o
 .ARM.attributes
                0x000000000000030e       0x2d ./Drivers/STM32F1xx_HAL_Driver/Src/stm32f1xx_hal_tim_ex.o
 .ARM.attributes
                0x000000000000033b       0x2d ./Drivers/STM32F1xx_HAL_Driver/Src/stm32f1xx_hal_uart.o
 .ARM.attributes
                0x0000000000000368       0x2d ./Drivers/STM32F1xx_HAL_Driver/Src/stm32f1xx_ll_fsmc.o
 .ARM.attributes
                0x0000000000000395       0x2d c:/st/stm32cubeide_1.9.0/stm32cubeide/plugins/com.st.stm32cube.ide.mcu.externaltools.gnu-tools-for-stm32.10.3-2021.10.win32_1.0.0.202111181127/tools/bin/../lib/gcc/arm-none-eabi/10.3.1/../../../../arm-none-eabi/lib/thumb/v7-m/nofp\libc_nano.a(lib_a-init.o)
 .ARM.attributes
                0x00000000000003c2       0x2d c:/st/stm32cubeide_1.9.0/stm32cubeide/plugins/com.st.stm32cube.ide.mcu.externaltools.gnu-tools-for-stm32.10.3-2021.10.win32_1.0.0.202111181127/tools/bin/../lib/gcc/arm-none-eabi/10.3.1/../../../../arm-none-eabi/lib/thumb/v7-m/nofp\libc_nano.a(lib_a-memset.o)
 .ARM.attributes
                0x00000000000003ef       0x1d c:/st/stm32cubeide_1.9.0/stm32cubeide/plugins/com.st.stm32cube.ide.mcu.externaltools.gnu-tools-for-stm32.10.3-2021.10.win32_1.0.0.202111181127/tools/bin/../lib/gcc/arm-none-eabi/10.3.1/thumb/v7-m/nofp/crtn.o
OUTPUT(ELEC3300_project_jubeat_imitate.elf elf32-littlearm)
LOAD linker stubs
LOAD c:/st/stm32cubeide_1.9.0/stm32cubeide/plugins/com.st.stm32cube.ide.mcu.externaltools.gnu-tools-for-stm32.10.3-2021.10.win32_1.0.0.202111181127/tools/bin/../lib/gcc/arm-none-eabi/10.3.1/../../../../arm-none-eabi/lib/thumb/v7-m/nofp\libc.a
LOAD c:/st/stm32cubeide_1.9.0/stm32cubeide/plugins/com.st.stm32cube.ide.mcu.externaltools.gnu-tools-for-stm32.10.3-2021.10.win32_1.0.0.202111181127/tools/bin/../lib/gcc/arm-none-eabi/10.3.1/../../../../arm-none-eabi/lib/thumb/v7-m/nofp\libm.a
LOAD c:/st/stm32cubeide_1.9.0/stm32cubeide/plugins/com.st.stm32cube.ide.mcu.externaltools.gnu-tools-for-stm32.10.3-2021.10.win32_1.0.0.202111181127/tools/bin/../lib/gcc/arm-none-eabi/10.3.1/thumb/v7-m/nofp\libgcc.a

.debug_info     0x0000000000000000     0xcccc
 .debug_info    0x0000000000000000      0x265 ./Core/Src/an_apple.o
 .debug_info    0x0000000000000265      0x265 ./Core/Src/blank_space.o
 .debug_info    0x00000000000004ca      0xc62 ./Core/Src/dy_sv17f.o
 .debug_info    0x000000000000112c      0x672 ./Core/Src/lcd.o
 .debug_info    0x000000000000179e     0x13aa ./Core/Src/main.o
 .debug_info    0x0000000000002b48      0x14b ./Core/Src/menu.o
 .debug_info    0x0000000000002c93      0xef7 ./Core/Src/stm32f1xx_hal_msp.o
 .debug_info    0x0000000000003b8a      0x122 ./Core/Src/stm32f1xx_it.o
 .debug_info    0x0000000000003cac      0x23d ./Core/Src/system_stm32f1xx.o
 .debug_info    0x0000000000003ee9       0x22 ./Core/Startup/startup_stm32f103vetx.o
 .debug_info    0x0000000000003f0b      0x79a ./Drivers/STM32F1xx_HAL_Driver/Src/stm32f1xx_hal.o
 .debug_info    0x00000000000046a5      0xb86 ./Drivers/STM32F1xx_HAL_Driver/Src/stm32f1xx_hal_cortex.o
 .debug_info    0x000000000000522b      0x615 ./Drivers/STM32F1xx_HAL_Driver/Src/stm32f1xx_hal_gpio.o
 .debug_info    0x0000000000005840      0x860 ./Drivers/STM32F1xx_HAL_Driver/Src/stm32f1xx_hal_rcc.o
 .debug_info    0x00000000000060a0      0xd5b ./Drivers/STM32F1xx_HAL_Driver/Src/stm32f1xx_hal_sram.o
 .debug_info    0x0000000000006dfb     0x29de ./Drivers/STM32F1xx_HAL_Driver/Src/stm32f1xx_hal_tim.o
 .debug_info    0x00000000000097d9     0x1513 ./Drivers/STM32F1xx_HAL_Driver/Src/stm32f1xx_hal_tim_ex.o
 .debug_info    0x000000000000acec     0x15d8 ./Drivers/STM32F1xx_HAL_Driver/Src/stm32f1xx_hal_uart.o
 .debug_info    0x000000000000c2c4      0xa08 ./Drivers/STM32F1xx_HAL_Driver/Src/stm32f1xx_ll_fsmc.o

.debug_abbrev   0x0000000000000000     0x21fd
 .debug_abbrev  0x0000000000000000      0x13a ./Core/Src/an_apple.o
 .debug_abbrev  0x000000000000013a      0x13a ./Core/Src/blank_space.o
 .debug_abbrev  0x0000000000000274      0x1f0 ./Core/Src/dy_sv17f.o
 .debug_abbrev  0x0000000000000464      0x218 ./Core/Src/lcd.o
 .debug_abbrev  0x000000000000067c      0x2b3 ./Core/Src/main.o
 .debug_abbrev  0x000000000000092f       0xc7 ./Core/Src/menu.o
 .debug_abbrev  0x00000000000009f6      0x233 ./Core/Src/stm32f1xx_hal_msp.o
 .debug_abbrev  0x0000000000000c29       0x74 ./Core/Src/stm32f1xx_it.o
 .debug_abbrev  0x0000000000000c9d      0x13b ./Core/Src/system_stm32f1xx.o
 .debug_abbrev  0x0000000000000dd8       0x12 ./Core/Startup/startup_stm32f103vetx.o
 .debug_abbrev  0x0000000000000dea      0x1fb ./Drivers/STM32F1xx_HAL_Driver/Src/stm32f1xx_hal.o
 .debug_abbrev  0x0000000000000fe5      0x2ed ./Drivers/STM32F1xx_HAL_Driver/Src/stm32f1xx_hal_cortex.o
 .debug_abbrev  0x00000000000012d2      0x1bb ./Drivers/STM32F1xx_HAL_Driver/Src/stm32f1xx_hal_gpio.o
 .debug_abbrev  0x000000000000148d      0x2a8 ./Drivers/STM32F1xx_HAL_Driver/Src/stm32f1xx_hal_rcc.o
 .debug_abbrev  0x0000000000001735      0x1f8 ./Drivers/STM32F1xx_HAL_Driver/Src/stm32f1xx_hal_sram.o
 .debug_abbrev  0x000000000000192d      0x25d ./Drivers/STM32F1xx_HAL_Driver/Src/stm32f1xx_hal_tim.o
 .debug_abbrev  0x0000000000001b8a      0x265 ./Drivers/STM32F1xx_HAL_Driver/Src/stm32f1xx_hal_tim_ex.o
 .debug_abbrev  0x0000000000001def      0x278 ./Drivers/STM32F1xx_HAL_Driver/Src/stm32f1xx_hal_uart.o
 .debug_abbrev  0x0000000000002067      0x196 ./Drivers/STM32F1xx_HAL_Driver/Src/stm32f1xx_ll_fsmc.o

.debug_aranges  0x0000000000000000      0xee0
 .debug_aranges
                0x0000000000000000       0x28 ./Core/Src/an_apple.o
 .debug_aranges
                0x0000000000000028       0x28 ./Core/Src/blank_space.o
 .debug_aranges
                0x0000000000000050      0x100 ./Core/Src/dy_sv17f.o
 .debug_aranges
                0x0000000000000150       0x98 ./Core/Src/lcd.o
 .debug_aranges
                0x00000000000001e8       0x50 ./Core/Src/main.o
 .debug_aranges
                0x0000000000000238       0x30 ./Core/Src/menu.o
 .debug_aranges
                0x0000000000000268       0x68 ./Core/Src/stm32f1xx_hal_msp.o
 .debug_aranges
                0x00000000000002d0       0x60 ./Core/Src/stm32f1xx_it.o
 .debug_aranges
                0x0000000000000330       0x28 ./Core/Src/system_stm32f1xx.o
 .debug_aranges
                0x0000000000000358       0x28 ./Core/Startup/startup_stm32f103vetx.o
 .debug_aranges
                0x0000000000000380       0xe0 ./Drivers/STM32F1xx_HAL_Driver/Src/stm32f1xx_hal.o
 .debug_aranges
                0x0000000000000460      0x100 ./Drivers/STM32F1xx_HAL_Driver/Src/stm32f1xx_hal_cortex.o
 .debug_aranges
                0x0000000000000560       0x58 ./Drivers/STM32F1xx_HAL_Driver/Src/stm32f1xx_hal_gpio.o
 .debug_aranges
                0x00000000000005b8       0x90 ./Drivers/STM32F1xx_HAL_Driver/Src/stm32f1xx_hal_rcc.o
 .debug_aranges
                0x0000000000000648       0xb8 ./Drivers/STM32F1xx_HAL_Driver/Src/stm32f1xx_hal_sram.o
 .debug_aranges
                0x0000000000000700      0x3d0 ./Drivers/STM32F1xx_HAL_Driver/Src/stm32f1xx_hal_tim.o
 .debug_aranges
                0x0000000000000ad0      0x168 ./Drivers/STM32F1xx_HAL_Driver/Src/stm32f1xx_hal_tim_ex.o
 .debug_aranges
                0x0000000000000c38      0x200 ./Drivers/STM32F1xx_HAL_Driver/Src/stm32f1xx_hal_uart.o
 .debug_aranges
                0x0000000000000e38       0xa8 ./Drivers/STM32F1xx_HAL_Driver/Src/stm32f1xx_ll_fsmc.o

.debug_ranges   0x0000000000000000      0xde8
 .debug_ranges  0x0000000000000000       0x18 ./Core/Src/an_apple.o
 .debug_ranges  0x0000000000000018       0x18 ./Core/Src/blank_space.o
 .debug_ranges  0x0000000000000030       0xf0 ./Core/Src/dy_sv17f.o
 .debug_ranges  0x0000000000000120       0x88 ./Core/Src/lcd.o
 .debug_ranges  0x00000000000001a8       0x40 ./Core/Src/main.o
 .debug_ranges  0x00000000000001e8       0x20 ./Core/Src/menu.o
 .debug_ranges  0x0000000000000208       0x58 ./Core/Src/stm32f1xx_hal_msp.o
 .debug_ranges  0x0000000000000260       0x50 ./Core/Src/stm32f1xx_it.o
 .debug_ranges  0x00000000000002b0       0x18 ./Core/Src/system_stm32f1xx.o
 .debug_ranges  0x00000000000002c8       0x20 ./Core/Startup/startup_stm32f103vetx.o
 .debug_ranges  0x00000000000002e8       0xd0 ./Drivers/STM32F1xx_HAL_Driver/Src/stm32f1xx_hal.o
 .debug_ranges  0x00000000000003b8       0xf0 ./Drivers/STM32F1xx_HAL_Driver/Src/stm32f1xx_hal_cortex.o
 .debug_ranges  0x00000000000004a8       0x48 ./Drivers/STM32F1xx_HAL_Driver/Src/stm32f1xx_hal_gpio.o
 .debug_ranges  0x00000000000004f0       0x80 ./Drivers/STM32F1xx_HAL_Driver/Src/stm32f1xx_hal_rcc.o
 .debug_ranges  0x0000000000000570       0xa8 ./Drivers/STM32F1xx_HAL_Driver/Src/stm32f1xx_hal_sram.o
 .debug_ranges  0x0000000000000618      0x3c0 ./Drivers/STM32F1xx_HAL_Driver/Src/stm32f1xx_hal_tim.o
 .debug_ranges  0x00000000000009d8      0x158 ./Drivers/STM32F1xx_HAL_Driver/Src/stm32f1xx_hal_tim_ex.o
 .debug_ranges  0x0000000000000b30      0x220 ./Drivers/STM32F1xx_HAL_Driver/Src/stm32f1xx_hal_uart.o
 .debug_ranges  0x0000000000000d50       0x98 ./Drivers/STM32F1xx_HAL_Driver/Src/stm32f1xx_ll_fsmc.o

.debug_macro    0x0000000000000000    0x1ac42
 .debug_macro   0x0000000000000000      0x1f2 ./Core/Src/an_apple.o
 .debug_macro   0x00000000000001f2      0xa6c ./Core/Src/an_apple.o
 .debug_macro   0x0000000000000c5e       0x16 ./Core/Src/an_apple.o
 .debug_macro   0x0000000000000c74      0x221 ./Core/Src/an_apple.o
 .debug_macro   0x0000000000000e95       0x2e ./Core/Src/an_apple.o
 .debug_macro   0x0000000000000ec3       0x22 ./Core/Src/an_apple.o
 .debug_macro   0x0000000000000ee5       0x22 ./Core/Src/an_apple.o
 .debug_macro   0x0000000000000f07       0x8e ./Core/Src/an_apple.o
 .debug_macro   0x0000000000000f95       0x51 ./Core/Src/an_apple.o
 .debug_macro   0x0000000000000fe6      0x103 ./Core/Src/an_apple.o
 .debug_macro   0x00000000000010e9       0x6a ./Core/Src/an_apple.o
 .debug_macro   0x0000000000001153      0x1df ./Core/Src/an_apple.o
 .debug_macro   0x0000000000001332       0x1c ./Core/Src/an_apple.o
 .debug_macro   0x000000000000134e       0x22 ./Core/Src/an_apple.o
 .debug_macro   0x0000000000001370       0xbd ./Core/Src/an_apple.o
 .debug_macro   0x000000000000142d      0xd23 ./Core/Src/an_apple.o
 .debug_macro   0x0000000000002150     0xfd8c ./Core/Src/an_apple.o
 .debug_macro   0x0000000000011edc       0x6d ./Core/Src/an_apple.o
 .debug_macro   0x0000000000011f49     0x3468 ./Core/Src/an_apple.o
 .debug_macro   0x00000000000153b1      0x174 ./Core/Src/an_apple.o
 .debug_macro   0x0000000000015525       0x5c ./Core/Src/an_apple.o
 .debug_macro   0x0000000000015581      0x5be ./Core/Src/an_apple.o
 .debug_macro   0x0000000000015b3f      0x4d5 ./Core/Src/an_apple.o
 .debug_macro   0x0000000000016014      0x1cb ./Core/Src/an_apple.o
 .debug_macro   0x00000000000161df      0x114 ./Core/Src/an_apple.o
 .debug_macro   0x00000000000162f3      0x1ea ./Core/Src/an_apple.o
 .debug_macro   0x00000000000164dd       0x27 ./Core/Src/an_apple.o
 .debug_macro   0x0000000000016504      0x144 ./Core/Src/an_apple.o
 .debug_macro   0x0000000000016648      0x1bc ./Core/Src/an_apple.o
 .debug_macro   0x0000000000016804       0x30 ./Core/Src/an_apple.o
 .debug_macro   0x0000000000016834       0x3c ./Core/Src/an_apple.o
 .debug_macro   0x0000000000016870       0x57 ./Core/Src/an_apple.o
 .debug_macro   0x00000000000168c7       0x88 ./Core/Src/an_apple.o
 .debug_macro   0x000000000001694f      0x24f ./Core/Src/an_apple.o
 .debug_macro   0x0000000000016b9e      0x356 ./Core/Src/an_apple.o
 .debug_macro   0x0000000000016ef4      0x141 ./Core/Src/an_apple.o
 .debug_macro   0x0000000000017035      0x8d1 ./Core/Src/an_apple.o
 .debug_macro   0x0000000000017906      0x279 ./Core/Src/an_apple.o
 .debug_macro   0x0000000000017b7f       0xb5 ./Core/Src/an_apple.o
 .debug_macro   0x0000000000017c34       0xd0 ./Core/Src/an_apple.o
 .debug_macro   0x0000000000017d04       0x2e ./Core/Src/an_apple.o
 .debug_macro   0x0000000000017d32      0x1fc ./Core/Src/blank_space.o
 .debug_macro   0x0000000000017f2e      0x32f ./Core/Src/dy_sv17f.o
 .debug_macro   0x000000000001825d       0x4c ./Core/Src/dy_sv17f.o
 .debug_macro   0x00000000000182a9       0x18 ./Core/Src/dy_sv17f.o
 .debug_macro   0x00000000000182c1       0x94 ./Core/Src/dy_sv17f.o
 .debug_macro   0x0000000000018355       0x3c ./Core/Src/dy_sv17f.o
 .debug_macro   0x0000000000018391       0x34 ./Core/Src/dy_sv17f.o
 .debug_macro   0x00000000000183c5       0x16 ./Core/Src/dy_sv17f.o
 .debug_macro   0x00000000000183db       0x57 ./Core/Src/dy_sv17f.o
 .debug_macro   0x0000000000018432       0x97 ./Core/Src/dy_sv17f.o
 .debug_macro   0x00000000000184c9      0x341 ./Core/Src/dy_sv17f.o
 .debug_macro   0x000000000001880a       0xfd ./Core/Src/dy_sv17f.o
 .debug_macro   0x0000000000018907       0x10 ./Core/Src/dy_sv17f.o
 .debug_macro   0x0000000000018917       0x16 ./Core/Src/dy_sv17f.o
 .debug_macro   0x000000000001892d       0x43 ./Core/Src/dy_sv17f.o
 .debug_macro   0x0000000000018970       0x34 ./Core/Src/dy_sv17f.o
 .debug_macro   0x00000000000189a4       0x10 ./Core/Src/dy_sv17f.o
 .debug_macro   0x00000000000189b4       0x58 ./Core/Src/dy_sv17f.o
 .debug_macro   0x0000000000018a0c       0x71 ./Core/Src/dy_sv17f.o
 .debug_macro   0x0000000000018a7d       0x1c ./Core/Src/dy_sv17f.o
 .debug_macro   0x0000000000018a99      0x12a ./Core/Src/dy_sv17f.o
 .debug_macro   0x0000000000018bc3       0x10 ./Core/Src/dy_sv17f.o
 .debug_macro   0x0000000000018bd3       0x1c ./Core/Src/dy_sv17f.o
 .debug_macro   0x0000000000018bef       0x52 ./Core/Src/dy_sv17f.o
 .debug_macro   0x0000000000018c41       0x22 ./Core/Src/dy_sv17f.o
 .debug_macro   0x0000000000018c63       0x10 ./Core/Src/dy_sv17f.o
 .debug_macro   0x0000000000018c73       0x52 ./Core/Src/dy_sv17f.o
 .debug_macro   0x0000000000018cc5       0xd5 ./Core/Src/dy_sv17f.o
 .debug_macro   0x0000000000018d9a       0x1c ./Core/Src/dy_sv17f.o
 .debug_macro   0x0000000000018db6       0x3d ./Core/Src/dy_sv17f.o
 .debug_macro   0x0000000000018df3       0x16 ./Core/Src/dy_sv17f.o
 .debug_macro   0x0000000000018e09      0x145 ./Core/Src/dy_sv17f.o
 .debug_macro   0x0000000000018f4e       0x56 ./Core/Src/dy_sv17f.o
 .debug_macro   0x0000000000018fa4      0x1d6 ./Core/Src/lcd.o
 .debug_macro   0x000000000001917a      0x219 ./Core/Src/main.o
 .debug_macro   0x0000000000019393       0xd6 ./Core/Src/main.o
 .debug_macro   0x0000000000019469      0x1f9 ./Core/Src/menu.o
 .debug_macro   0x0000000000019662      0x1cc ./Core/Src/stm32f1xx_hal_msp.o
 .debug_macro   0x000000000001982e      0x1d6 ./Core/Src/stm32f1xx_it.o
 .debug_macro   0x0000000000019a04      0x1bd ./Core/Src/system_stm32f1xx.o
 .debug_macro   0x0000000000019bc1      0x1e1 ./Drivers/STM32F1xx_HAL_Driver/Src/stm32f1xx_hal.o
 .debug_macro   0x0000000000019da2      0x1bd ./Drivers/STM32F1xx_HAL_Driver/Src/stm32f1xx_hal_cortex.o
 .debug_macro   0x0000000000019f5f      0x228 ./Drivers/STM32F1xx_HAL_Driver/Src/stm32f1xx_hal_gpio.o
 .debug_macro   0x000000000001a187      0x1cf ./Drivers/STM32F1xx_HAL_Driver/Src/stm32f1xx_hal_rcc.o
 .debug_macro   0x000000000001a356      0x1bd ./Drivers/STM32F1xx_HAL_Driver/Src/stm32f1xx_hal_sram.o
 .debug_macro   0x000000000001a513      0x1be ./Drivers/STM32F1xx_HAL_Driver/Src/stm32f1xx_hal_tim.o
 .debug_macro   0x000000000001a6d1      0x1bd ./Drivers/STM32F1xx_HAL_Driver/Src/stm32f1xx_hal_tim_ex.o
 .debug_macro   0x000000000001a88e      0x1be ./Drivers/STM32F1xx_HAL_Driver/Src/stm32f1xx_hal_uart.o
 .debug_macro   0x000000000001aa4c      0x1f6 ./Drivers/STM32F1xx_HAL_Driver/Src/stm32f1xx_ll_fsmc.o

.debug_line     0x0000000000000000     0xf69d
 .debug_line    0x0000000000000000      0x767 ./Core/Src/an_apple.o
 .debug_line    0x0000000000000767      0x76f ./Core/Src/blank_space.o
 .debug_line    0x0000000000000ed6      0xc35 ./Core/Src/dy_sv17f.o
 .debug_line    0x0000000000001b0b      0x9e2 ./Core/Src/lcd.o
 .debug_line    0x00000000000024ed      0x96d ./Core/Src/main.o
 .debug_line    0x0000000000002e5a      0x704 ./Core/Src/menu.o
 .debug_line    0x000000000000355e      0x7f5 ./Core/Src/stm32f1xx_hal_msp.o
 .debug_line    0x0000000000003d53      0x75f ./Core/Src/stm32f1xx_it.o
 .debug_line    0x00000000000044b2      0x71b ./Core/Src/system_stm32f1xx.o
 .debug_line    0x0000000000004bcd       0x87 ./Core/Startup/startup_stm32f103vetx.o
 .debug_line    0x0000000000004c54      0x948 ./Drivers/STM32F1xx_HAL_Driver/Src/stm32f1xx_hal.o
 .debug_line    0x000000000000559c      0xb30 ./Drivers/STM32F1xx_HAL_Driver/Src/stm32f1xx_hal_cortex.o
 .debug_line    0x00000000000060cc      0xa07 ./Drivers/STM32F1xx_HAL_Driver/Src/stm32f1xx_hal_gpio.o
 .debug_line    0x0000000000006ad3      0xd56 ./Drivers/STM32F1xx_HAL_Driver/Src/stm32f1xx_hal_rcc.o
 .debug_line    0x0000000000007829      0xcbb ./Drivers/STM32F1xx_HAL_Driver/Src/stm32f1xx_hal_sram.o
 .debug_line    0x00000000000084e4     0x351c ./Drivers/STM32F1xx_HAL_Driver/Src/stm32f1xx_hal_tim.o
 .debug_line    0x000000000000ba00     0x18d4 ./Drivers/STM32F1xx_HAL_Driver/Src/stm32f1xx_hal_tim_ex.o
 .debug_line    0x000000000000d2d4     0x1a23 ./Drivers/STM32F1xx_HAL_Driver/Src/stm32f1xx_hal_uart.o
 .debug_line    0x000000000000ecf7      0x9a6 ./Drivers/STM32F1xx_HAL_Driver/Src/stm32f1xx_ll_fsmc.o

.debug_str      0x0000000000000000    0x9be48
 .debug_str     0x0000000000000000    0x939aa ./Core/Src/an_apple.o
                                      0x93db2 (size before relaxing)
 .debug_str     0x00000000000939aa       0x8d ./Core/Src/blank_space.o
                                      0x93dcd (size before relaxing)
 .debug_str     0x0000000000093a37     0x4348 ./Core/Src/dy_sv17f.o
                                      0x97d18 (size before relaxing)
 .debug_str     0x0000000000097d7f      0x20b ./Core/Src/lcd.o
                                      0x93e71 (size before relaxing)
 .debug_str     0x0000000000097f8a      0xbbc ./Core/Src/main.o
                                      0x94dde (size before relaxing)
 .debug_str     0x0000000000098b46       0x50 ./Core/Src/menu.o
                                      0x93ceb (size before relaxing)
 .debug_str     0x0000000000098b96      0x10a ./Core/Src/stm32f1xx_hal_msp.o
                                      0x94564 (size before relaxing)
 .debug_str     0x0000000000098ca0       0xc9 ./Core/Src/stm32f1xx_it.o
                                      0x93bdf (size before relaxing)
 .debug_str     0x0000000000098d69       0x7e ./Core/Src/system_stm32f1xx.o
                                      0x93967 (size before relaxing)
 .debug_str     0x0000000000098de7       0x6e ./Core/Startup/startup_stm32f103vetx.o
 .debug_str     0x0000000000098e55      0x693 ./Drivers/STM32F1xx_HAL_Driver/Src/stm32f1xx_hal.o
                                      0x9417e (size before relaxing)
 .debug_str     0x00000000000994e8      0x2b1 ./Drivers/STM32F1xx_HAL_Driver/Src/stm32f1xx_hal_cortex.o
                                      0x940ca (size before relaxing)
 .debug_str     0x0000000000099799      0x2d5 ./Drivers/STM32F1xx_HAL_Driver/Src/stm32f1xx_hal_gpio.o
                                      0x93ced (size before relaxing)
 .debug_str     0x0000000000099a6e      0x229 ./Drivers/STM32F1xx_HAL_Driver/Src/stm32f1xx_hal_rcc.o
                                      0x93d96 (size before relaxing)
 .debug_str     0x0000000000099c97      0x2ad ./Drivers/STM32F1xx_HAL_Driver/Src/stm32f1xx_hal_sram.o
                                      0x93fea (size before relaxing)
 .debug_str     0x0000000000099f44      0xe01 ./Drivers/STM32F1xx_HAL_Driver/Src/stm32f1xx_hal_tim.o
                                      0x94d81 (size before relaxing)
 .debug_str     0x000000000009ad45      0x3e1 ./Drivers/STM32F1xx_HAL_Driver/Src/stm32f1xx_hal_tim_ex.o
                                      0x9459d (size before relaxing)
 .debug_str     0x000000000009b126      0x5db ./Drivers/STM32F1xx_HAL_Driver/Src/stm32f1xx_hal_uart.o
                                      0x943a1 (size before relaxing)
 .debug_str     0x000000000009b701      0x747 ./Drivers/STM32F1xx_HAL_Driver/Src/stm32f1xx_ll_fsmc.o
                                      0x942cc (size before relaxing)

.comment        0x0000000000000000       0x50
 .comment       0x0000000000000000       0x50 ./Core/Src/an_apple.o
                                         0x51 (size before relaxing)
 .comment       0x0000000000000050       0x51 ./Core/Src/blank_space.o
 .comment       0x0000000000000050       0x51 ./Core/Src/dy_sv17f.o
 .comment       0x0000000000000050       0x51 ./Core/Src/lcd.o
 .comment       0x0000000000000050       0x51 ./Core/Src/main.o
 .comment       0x0000000000000050       0x51 ./Core/Src/menu.o
 .comment       0x0000000000000050       0x51 ./Core/Src/stm32f1xx_hal_msp.o
 .comment       0x0000000000000050       0x51 ./Core/Src/stm32f1xx_it.o
 .comment       0x0000000000000050       0x51 ./Core/Src/system_stm32f1xx.o
 .comment       0x0000000000000050       0x51 ./Drivers/STM32F1xx_HAL_Driver/Src/stm32f1xx_hal.o
 .comment       0x0000000000000050       0x51 ./Drivers/STM32F1xx_HAL_Driver/Src/stm32f1xx_hal_cortex.o
 .comment       0x0000000000000050       0x51 ./Drivers/STM32F1xx_HAL_Driver/Src/stm32f1xx_hal_gpio.o
 .comment       0x0000000000000050       0x51 ./Drivers/STM32F1xx_HAL_Driver/Src/stm32f1xx_hal_rcc.o
 .comment       0x0000000000000050       0x51 ./Drivers/STM32F1xx_HAL_Driver/Src/stm32f1xx_hal_sram.o
 .comment       0x0000000000000050       0x51 ./Drivers/STM32F1xx_HAL_Driver/Src/stm32f1xx_hal_tim.o
 .comment       0x0000000000000050       0x51 ./Drivers/STM32F1xx_HAL_Driver/Src/stm32f1xx_hal_tim_ex.o
 .comment       0x0000000000000050       0x51 ./Drivers/STM32F1xx_HAL_Driver/Src/stm32f1xx_hal_uart.o
 .comment       0x0000000000000050       0x51 ./Drivers/STM32F1xx_HAL_Driver/Src/stm32f1xx_ll_fsmc.o

.debug_frame    0x0000000000000000     0x3d78
 .debug_frame   0x0000000000000000       0x5c ./Core/Src/an_apple.o
 .debug_frame   0x000000000000005c       0x58 ./Core/Src/blank_space.o
 .debug_frame   0x00000000000000b4      0x434 ./Core/Src/dy_sv17f.o
 .debug_frame   0x00000000000004e8      0x254 ./Core/Src/lcd.o
 .debug_frame   0x000000000000073c       0xf4 ./Core/Src/main.o
 .debug_frame   0x0000000000000830       0x70 ./Core/Src/menu.o
 .debug_frame   0x00000000000008a0      0x17c ./Core/Src/stm32f1xx_hal_msp.o
 .debug_frame   0x0000000000000a1c      0x104 ./Core/Src/stm32f1xx_it.o
 .debug_frame   0x0000000000000b20       0x58 ./Core/Src/system_stm32f1xx.o
 .debug_frame   0x0000000000000b78      0x334 ./Drivers/STM32F1xx_HAL_Driver/Src/stm32f1xx_hal.o
 .debug_frame   0x0000000000000eac      0x428 ./Drivers/STM32F1xx_HAL_Driver/Src/stm32f1xx_hal_cortex.o
 .debug_frame   0x00000000000012d4      0x14c ./Drivers/STM32F1xx_HAL_Driver/Src/stm32f1xx_hal_gpio.o
 .debug_frame   0x0000000000001420      0x21c ./Drivers/STM32F1xx_HAL_Driver/Src/stm32f1xx_hal_rcc.o
 .debug_frame   0x000000000000163c      0x30c ./Drivers/STM32F1xx_HAL_Driver/Src/stm32f1xx_hal_sram.o
 .debug_frame   0x0000000000001948     0x11bc ./Drivers/STM32F1xx_HAL_Driver/Src/stm32f1xx_hal_tim.o
 .debug_frame   0x0000000000002b04      0x638 ./Drivers/STM32F1xx_HAL_Driver/Src/stm32f1xx_hal_tim_ex.o
 .debug_frame   0x000000000000313c      0x914 ./Drivers/STM32F1xx_HAL_Driver/Src/stm32f1xx_hal_uart.o
 .debug_frame   0x0000000000003a50      0x2dc ./Drivers/STM32F1xx_HAL_Driver/Src/stm32f1xx_ll_fsmc.o
 .debug_frame   0x0000000000003d2c       0x2c c:/st/stm32cubeide_1.9.0/stm32cubeide/plugins/com.st.stm32cube.ide.mcu.externaltools.gnu-tools-for-stm32.10.3-2021.10.win32_1.0.0.202111181127/tools/bin/../lib/gcc/arm-none-eabi/10.3.1/../../../../arm-none-eabi/lib/thumb/v7-m/nofp\libc_nano.a(lib_a-init.o)
 .debug_frame   0x0000000000003d58       0x20 c:/st/stm32cubeide_1.9.0/stm32cubeide/plugins/com.st.stm32cube.ide.mcu.externaltools.gnu-tools-for-stm32.10.3-2021.10.win32_1.0.0.202111181127/tools/bin/../lib/gcc/arm-none-eabi/10.3.1/../../../../arm-none-eabi/lib/thumb/v7-m/nofp\libc_nano.a(lib_a-memset.o)
