Archive member included to satisfy reference by file (symbol)

c:/st/stm32cubeide_1.9.0/stm32cubeide/plugins/com.st.stm32cube.ide.mcu.externaltools.gnu-tools-for-stm32.10.3-2021.10.win32_1.0.0.202111181127/tools/bin/../lib/gcc/arm-none-eabi/10.3.1/../../../../arm-none-eabi/lib/thumb/v7-m/nofp\libc_nano.a(lib_a-errno.o)
                              ./Core/Src/syscalls.o (__errno)
c:/st/stm32cubeide_1.9.0/stm32cubeide/plugins/com.st.stm32cube.ide.mcu.externaltools.gnu-tools-for-stm32.10.3-2021.10.win32_1.0.0.202111181127/tools/bin/../lib/gcc/arm-none-eabi/10.3.1/../../../../arm-none-eabi/lib/thumb/v7-m/nofp\libc_nano.a(lib_a-exit.o)
                              c:/st/stm32cubeide_1.9.0/stm32cubeide/plugins/com.st.stm32cube.ide.mcu.externaltools.gnu-tools-for-stm32.10.3-2021.10.win32_1.0.0.202111181127/tools/bin/../lib/gcc/arm-none-eabi/10.3.1/../../../../arm-none-eabi/lib/thumb/v7-m/nofp/crt0.o (exit)
c:/st/stm32cubeide_1.9.0/stm32cubeide/plugins/com.st.stm32cube.ide.mcu.externaltools.gnu-tools-for-stm32.10.3-2021.10.win32_1.0.0.202111181127/tools/bin/../lib/gcc/arm-none-eabi/10.3.1/../../../../arm-none-eabi/lib/thumb/v7-m/nofp\libc_nano.a(lib_a-impure.o)
                              c:/st/stm32cubeide_1.9.0/stm32cubeide/plugins/com.st.stm32cube.ide.mcu.externaltools.gnu-tools-for-stm32.10.3-2021.10.win32_1.0.0.202111181127/tools/bin/../lib/gcc/arm-none-eabi/10.3.1/../../../../arm-none-eabi/lib/thumb/v7-m/nofp\libc_nano.a(lib_a-exit.o) (_global_impure_ptr)
c:/st/stm32cubeide_1.9.0/stm32cubeide/plugins/com.st.stm32cube.ide.mcu.externaltools.gnu-tools-for-stm32.10.3-2021.10.win32_1.0.0.202111181127/tools/bin/../lib/gcc/arm-none-eabi/10.3.1/../../../../arm-none-eabi/lib/thumb/v7-m/nofp\libc_nano.a(lib_a-init.o)
                              c:/st/stm32cubeide_1.9.0/stm32cubeide/plugins/com.st.stm32cube.ide.mcu.externaltools.gnu-tools-for-stm32.10.3-2021.10.win32_1.0.0.202111181127/tools/bin/../lib/gcc/arm-none-eabi/10.3.1/../../../../arm-none-eabi/lib/thumb/v7-m/nofp/crt0.o (__libc_init_array)
c:/st/stm32cubeide_1.9.0/stm32cubeide/plugins/com.st.stm32cube.ide.mcu.externaltools.gnu-tools-for-stm32.10.3-2021.10.win32_1.0.0.202111181127/tools/bin/../lib/gcc/arm-none-eabi/10.3.1/../../../../arm-none-eabi/lib/thumb/v7-m/nofp\libc_nano.a(lib_a-memset.o)
                              c:/st/stm32cubeide_1.9.0/stm32cubeide/plugins/com.st.stm32cube.ide.mcu.externaltools.gnu-tools-for-stm32.10.3-2021.10.win32_1.0.0.202111181127/tools/bin/../lib/gcc/arm-none-eabi/10.3.1/../../../../arm-none-eabi/lib/thumb/v7-m/nofp/crt0.o (memset)

Discarded input sections

 .text          0x0000000000000000        0x0 c:/st/stm32cubeide_1.9.0/stm32cubeide/plugins/com.st.stm32cube.ide.mcu.externaltools.gnu-tools-for-stm32.10.3-2021.10.win32_1.0.0.202111181127/tools/bin/../lib/gcc/arm-none-eabi/10.3.1/thumb/v7-m/nofp/crti.o
 .data          0x0000000000000000        0x0 c:/st/stm32cubeide_1.9.0/stm32cubeide/plugins/com.st.stm32cube.ide.mcu.externaltools.gnu-tools-for-stm32.10.3-2021.10.win32_1.0.0.202111181127/tools/bin/../lib/gcc/arm-none-eabi/10.3.1/thumb/v7-m/nofp/crti.o
 .bss           0x0000000000000000        0x0 c:/st/stm32cubeide_1.9.0/stm32cubeide/plugins/com.st.stm32cube.ide.mcu.externaltools.gnu-tools-for-stm32.10.3-2021.10.win32_1.0.0.202111181127/tools/bin/../lib/gcc/arm-none-eabi/10.3.1/thumb/v7-m/nofp/crti.o
 .data          0x0000000000000000        0x4 c:/st/stm32cubeide_1.9.0/stm32cubeide/plugins/com.st.stm32cube.ide.mcu.externaltools.gnu-tools-for-stm32.10.3-2021.10.win32_1.0.0.202111181127/tools/bin/../lib/gcc/arm-none-eabi/10.3.1/thumb/v7-m/nofp/crtbegin.o
 .rodata        0x0000000000000000       0x24 c:/st/stm32cubeide_1.9.0/stm32cubeide/plugins/com.st.stm32cube.ide.mcu.externaltools.gnu-tools-for-stm32.10.3-2021.10.win32_1.0.0.202111181127/tools/bin/../lib/gcc/arm-none-eabi/10.3.1/thumb/v7-m/nofp/crtbegin.o
 .text          0x0000000000000000       0x7c c:/st/stm32cubeide_1.9.0/stm32cubeide/plugins/com.st.stm32cube.ide.mcu.externaltools.gnu-tools-for-stm32.10.3-2021.10.win32_1.0.0.202111181127/tools/bin/../lib/gcc/arm-none-eabi/10.3.1/../../../../arm-none-eabi/lib/thumb/v7-m/nofp/crt0.o
 .data          0x0000000000000000        0x0 c:/st/stm32cubeide_1.9.0/stm32cubeide/plugins/com.st.stm32cube.ide.mcu.externaltools.gnu-tools-for-stm32.10.3-2021.10.win32_1.0.0.202111181127/tools/bin/../lib/gcc/arm-none-eabi/10.3.1/../../../../arm-none-eabi/lib/thumb/v7-m/nofp/crt0.o
 .bss           0x0000000000000000        0x0 c:/st/stm32cubeide_1.9.0/stm32cubeide/plugins/com.st.stm32cube.ide.mcu.externaltools.gnu-tools-for-stm32.10.3-2021.10.win32_1.0.0.202111181127/tools/bin/../lib/gcc/arm-none-eabi/10.3.1/../../../../arm-none-eabi/lib/thumb/v7-m/nofp/crt0.o
[...]
Memory Configuration

Name             Origin             Length             Attributes
RAM              0x0000000020000000 0x0000000000010000 xrw
FLASH            0x0000000008000000 0x0000000000080000 xr
*default*        0x0000000000000000 0xffffffffffffffff

Linker script and memory map

LOAD c:/st/stm32cubeide_1.9.0/stm32cubeide/plugins/com.st.stm32cube.ide.mcu.externaltools.gnu-tools-for-stm32.10.3-2021.10.win32_1.0.0.202111181127/tools/bin/../lib/gcc/arm-none-eabi/10.3.1/thumb/v7-m/nofp/crti.o
LOAD c:/st/stm32cubeide_1.9.0/stm32cubeide/plugins/com.st.stm32cube.ide.mcu.externaltools.gnu-tools-for-stm32.10.3-2021.10.win32_1.0.0.202111181127/tools/bin/../lib/gcc/arm-none-eabi/10.3.1/thumb/v7-m/nofp/crtbegin.o
LOAD c:/st/stm32cubeide_1.9.0/stm32cubeide/plugins/com.st.stm32cube.ide.mcu.externaltools.gnu-tools-for-stm32.10.3-2021.10.win32_1.0.0.202111181127/tools/bin/../lib/gcc/arm-none-eabi/10.3.1/../../../../arm-none-eabi/lib/thumb/v7-m/nofp/crt0.o
LOAD ./Core/Middlewares/Third_Party/FatFs/src/diskio.o
LOAD ./Core/Middlewares/Third_Party/FatFs/src/ff.o
LOAD ./Core/Middlewares/Third_Party/FatFs/src/ff_gen_drv.o
LOAD ./Core/Middlewares/Third_Party/FatFs/src/option/ccsbcs.o
LOAD ./Core/Middlewares/Third_Party/FatFs/src/option/syscall.o
LOAD ./Core/Src/dy_sv17f.o
LOAD ./Core/Src/fatfs_sd.o
LOAD ./Core/Src/lcd.o
LOAD ./Core/Src/main.o
LOAD ./Core/Src/stm32f1xx_hal_msp.o
LOAD ./Core/Src/stm32f1xx_it.o
LOAD ./Core/Src/syscalls.o
LOAD ./Core/Src/sysmem.o
LOAD ./Core/Src/system_stm32f1xx.o
LOAD ./Core/Src/uart.o
LOAD ./Core/Startup/startup_stm32f103vetx.o
LOAD ./Drivers/STM32F1xx_HAL_Driver/Src/stm32f1xx_hal.o
LOAD ./Drivers/STM32F1xx_HAL_Driver/Src/stm32f1xx_hal_cortex.o
LOAD ./Drivers/STM32F1xx_HAL_Driver/Src/stm32f1xx_hal_dma.o
LOAD ./Drivers/STM32F1xx_HAL_Driver/Src/stm32f1xx_hal_exti.o
LOAD ./Drivers/STM32F1xx_HAL_Driver/Src/stm32f1xx_hal_flash.o
LOAD ./Drivers/STM32F1xx_HAL_Driver/Src/stm32f1xx_hal_flash_ex.o
LOAD ./Drivers/STM32F1xx_HAL_Driver/Src/stm32f1xx_hal_gpio.o
LOAD ./Drivers/STM32F1xx_HAL_Driver/Src/stm32f1xx_hal_gpio_ex.o
LOAD ./Drivers/STM32F1xx_HAL_Driver/Src/stm32f1xx_hal_pwr.o
LOAD ./Drivers/STM32F1xx_HAL_Driver/Src/stm32f1xx_hal_rcc.o
LOAD ./Drivers/STM32F1xx_HAL_Driver/Src/stm32f1xx_hal_rcc_ex.o
LOAD ./Drivers/STM32F1xx_HAL_Driver/Src/stm32f1xx_hal_spi.o
LOAD ./Drivers/STM32F1xx_HAL_Driver/Src/stm32f1xx_hal_sram.o
LOAD ./Drivers/STM32F1xx_HAL_Driver/Src/stm32f1xx_hal_tim.o
LOAD ./Drivers/STM32F1xx_HAL_Driver/Src/stm32f1xx_hal_tim_ex.o
LOAD ./Drivers/STM32F1xx_HAL_Driver/Src/stm32f1xx_hal_uart.o
LOAD ./Drivers/STM32F1xx_HAL_Driver/Src/stm32f1xx_ll_fsmc.o
LOAD ./FATFS/App/fatfs.o
LOAD ./FATFS/Target/user_diskio.o
LOAD ./Middlewares/Third_Party/FatFs/src/diskio.o
LOAD ./Middlewares/Third_Party/FatFs/src/ff.o
LOAD ./Middlewares/Third_Party/FatFs/src/ff_gen_drv.o
LOAD ./Middlewares/Third_Party/FatFs/src/option/ccsbcs.o
LOAD ./Middlewares/Third_Party/FatFs/src/option/syscall.o
START GROUP
LOAD c:/st/stm32cubeide_1.9.0/stm32cubeide/plugins/com.st.stm32cube.ide.mcu.externaltools.gnu-tools-for-stm32.10.3-2021.10.win32_1.0.0.202111181127/tools/bin/../lib/gcc/arm-none-eabi/10.3.1/../../../../arm-none-eabi/lib/thumb/v7-m/nofp\libc_nano.a
LOAD c:/st/stm32cubeide_1.9.0/stm32cubeide/plugins/com.st.stm32cube.ide.mcu.externaltools.gnu-tools-for-stm32.10.3-2021.10.win32_1.0.0.202111181127/tools/bin/../lib/gcc/arm-none-eabi/10.3.1/../../../../arm-none-eabi/lib/thumb/v7-m/nofp\libm.a
END GROUP
START GROUP
LOAD c:/st/stm32cubeide_1.9.0/stm32cubeide/plugins/com.st.stm32cube.ide.mcu.externaltools.gnu-tools-for-stm32.10.3-2021.10.win32_1.0.0.202111181127/tools/bin/../lib/gcc/arm-none-eabi/10.3.1/thumb/v7-m/nofp\libgcc.a
LOAD c:/st/stm32cubeide_1.9.0/stm32cubeide/plugins/com.st.stm32cube.ide.mcu.externaltools.gnu-tools-for-stm32.10.3-2021.10.win32_1.0.0.202111181127/tools/bin/../lib/gcc/arm-none-eabi/10.3.1/../../../../arm-none-eabi/lib/thumb/v7-m/nofp\libc_nano.a
END GROUP
START GROUP
LOAD c:/st/stm32cubeide_1.9.0/stm32cubeide/plugins/com.st.stm32cube.ide.mcu.externaltools.gnu-tools-for-stm32.10.3-2021.10.win32_1.0.0.202111181127/tools/bin/../lib/gcc/arm-none-eabi/10.3.1/thumb/v7-m/nofp\libgcc.a
LOAD c:/st/stm32cubeide_1.9.0/stm32cubeide/plugins/com.st.stm32cube.ide.mcu.externaltools.gnu-tools-for-stm32.10.3-2021.10.win32_1.0.0.202111181127/tools/bin/../lib/gcc/arm-none-eabi/10.3.1/../../../../arm-none-eabi/lib/thumb/v7-m/nofp\libc_nano.a
LOAD c:/st/stm32cubeide_1.9.0/stm32cubeide/plugins/com.st.stm32cube.ide.mcu.externaltools.gnu-tools-for-stm32.10.3-2021.10.win32_1.0.0.202111181127/tools/bin/../lib/gcc/arm-none-eabi/10.3.1/../../../../arm-none-eabi/lib/thumb/v7-m/nofp\libnosys.a
END GROUP
START GROUP
LOAD c:/st/stm32cubeide_1.9.0/stm32cubeide/plugins/com.st.stm32cube.ide.mcu.externaltools.gnu-tools-for-stm32.10.3-2021.10.win32_1.0.0.202111181127/tools/bin/../lib/gcc/arm-none-eabi/10.3.1/thumb/v7-m/nofp\libgcc.a
LOAD c:/st/stm32cubeide_1.9.0/stm32cubeide/plugins/com.st.stm32cube.ide.mcu.externaltools.gnu-tools-for-stm32.10.3-2021.10.win32_1.0.0.202111181127/tools/bin/../lib/gcc/arm-none-eabi/10.3.1/../../../../arm-none-eabi/lib/thumb/v7-m/nofp\libc_nano.a
LOAD c:/st/stm32cubeide_1.9.0/stm32cubeide/plugins/com.st.stm32cube.ide.mcu.externaltools.gnu-tools-for-stm32.10.3-2021.10.win32_1.0.0.202111181127/tools/bin/../lib/gcc/arm-none-eabi/10.3.1/../../../../arm-none-eabi/lib/thumb/v7-m/nofp\libnosys.a
END GROUP
LOAD c:/st/stm32cubeide_1.9.0/stm32cubeide/plugins/com.st.stm32cube.ide.mcu.externaltools.gnu-tools-for-stm32.10.3-2021.10.win32_1.0.0.202111181127/tools/bin/../lib/gcc/arm-none-eabi/10.3.1/thumb/v7-m/nofp/crtend.o
LOAD c:/st/stm32cubeide_1.9.0/stm32cubeide/plugins/com.st.stm32cube.ide.mcu.externaltools.gnu-tools-for-stm32.10.3-2021.10.win32_1.0.0.202111181127/tools/bin/../lib/gcc/arm-none-eabi/10.3.1/thumb/v7-m/nofp/crtn.o
                0x0000000020010000                _estack = (ORIGIN (RAM) + LENGTH (RAM))
                0x0000000000000200                _Min_Heap_Size = 0x200
                0x0000000000000400                _Min_Stack_Size = 0x400

.isr_vector     0x0000000008000000      0x1e4
                0x0000000008000000                . = ALIGN (0x4)
 *(.isr_vector)
 .isr_vector    0x0000000008000000      0x1e4 ./Core/Startup/startup_stm32f103vetx.o
                0x0000000008000000                g_pfnVectors
                0x00000000080001e4                . = ALIGN (0x4)

.text           0x00000000080001e4     0x2534
                0x00000000080001e4                . = ALIGN (0x4)
 *(.text)
 .text          0x00000000080001e4       0x40 c:/st/stm32cubeide_1.9.0/stm32cubeide/plugins/com.st.stm32cube.ide.mcu.externaltools.gnu-tools-for-stm32.10.3-2021.10.win32_1.0.0.202111181127/tools/bin/../lib/gcc/arm-none-eabi/10.3.1/thumb/v7-m/nofp/crtbegin.o
 *(.text*)
 .text.FATFS_LinkDriverEx
                0x0000000008000224       0x94 ./Core/Middlewares/Third_Party/FatFs/src/ff_gen_drv.o
                0x0000000008000224                FATFS_LinkDriverEx
 .text.FATFS_LinkDriver
                0x00000000080002b8       0x1e ./Core/Middlewares/Third_Party/FatFs/src/ff_gen_drv.o
                0x00000000080002b8                FATFS_LinkDriver
 .text.calculateChecksum
                0x00000000080002d6       0x3e ./Core/Src/dy_sv17f.o
 .text.send_command
                0x0000000008000314       0x4c ./Core/Src/dy_sv17f.o
 .text.DY_Init  0x0000000008000360       0x1c ./Core/Src/dy_sv17f.o
                0x0000000008000360                DY_Init
 .text.DY_Play  0x000000000800037c       0x20 ./Core/Src/dy_sv17f.o
                0x000000000800037c                DY_Play
 .text.Delay    0x000000000800039c       0x22 ./Core/Src/lcd.o
                0x000000000800039c                Delay
 .text.LCD_INIT
                0x00000000080003be       0x2e ./Core/Src/lcd.o
                0x00000000080003be                LCD_INIT
 .text.LCD_Rst  0x00000000080003ec       0x30 ./Core/Src/lcd.o
                0x00000000080003ec                LCD_Rst
 .text.LCD_BackLed_Control
                0x000000000800041c       0x38 ./Core/Src/lcd.o
                0x000000000800041c                LCD_BackLed_Control
 .text.LCD_Write_Cmd
                0x0000000008000454       0x1c ./Core/Src/lcd.o
                0x0000000008000454                LCD_Write_Cmd
 .text.LCD_Write_Data
                0x0000000008000470       0x20 ./Core/Src/lcd.o
                0x0000000008000470                LCD_Write_Data
 .text.LCD_REG_Config
                0x0000000008000490      0x234 ./Core/Src/lcd.o
                0x0000000008000490                LCD_REG_Config
 .text.LCD_OpenWindow
                0x00000000080006c4       0xb2 ./Core/Src/lcd.o
                0x00000000080006c4                LCD_OpenWindow
 .text.LCD_FillColor
                0x0000000008000776       0x3c ./Core/Src/lcd.o
                0x0000000008000776                LCD_FillColor
 .text.LCD_Clear
                0x00000000080007b2       0x46 ./Core/Src/lcd.o
                0x00000000080007b2                LCD_Clear
 .text.LCD_DrawChar
                0x00000000080007f8       0x8c ./Core/Src/lcd.o
                0x00000000080007f8                LCD_DrawChar
 .text.LCD_DrawString
                0x0000000008000884       0x5e ./Core/Src/lcd.o
                0x0000000008000884                LCD_DrawString
 *fill*         0x00000000080008e2        0x2 
 .text.main     0x00000000080008e4      0x168 ./Core/Src/main.o
                0x00000000080008e4                main
 .text.SystemClock_Config
                0x0000000008000a4c       0x8a ./Core/Src/main.o
                0x0000000008000a4c                SystemClock_Config
 *fill*         0x0000000008000ad6        0x2 
 .text.MX_SPI1_Init
                0x0000000008000ad8       0x6c ./Core/Src/main.o
 .text.MX_USART1_UART_Init
                0x0000000008000b44       0x54 ./Core/Src/main.o
 .text.MX_GPIO_Init
                0x0000000008000b98      0x144 ./Core/Src/main.o
 .text.MX_FSMC_Init
                0x0000000008000cdc       0xc8 ./Core/Src/main.o
 .text.Error_Handler
                0x0000000008000da4        0xa ./Core/Src/main.o
                0x0000000008000da4                Error_Handler
 *fill*         0x0000000008000dae        0x2 
 .text.HAL_MspInit
                0x0000000008000db0       0x64 ./Core/Src/stm32f1xx_hal_msp.o
                0x0000000008000db0                HAL_MspInit
 .text.HAL_SPI_MspInit
                0x0000000008000e14       0x94 ./Core/Src/stm32f1xx_hal_msp.o
                0x0000000008000e14                HAL_SPI_MspInit
 .text.HAL_UART_MspInit
                0x0000000008000ea8       0x98 ./Core/Src/stm32f1xx_hal_msp.o
                0x0000000008000ea8                HAL_UART_MspInit
 .text.HAL_FSMC_MspInit
                0x0000000008000f40       0x88 ./Core/Src/stm32f1xx_hal_msp.o
 .text.HAL_SRAM_MspInit
                0x0000000008000fc8       0x14 ./Core/Src/stm32f1xx_hal_msp.o
                0x0000000008000fc8                HAL_SRAM_MspInit
 .text.NMI_Handler
                0x0000000008000fdc        0x6 ./Core/Src/stm32f1xx_it.o
                0x0000000008000fdc                NMI_Handler
 .text.HardFault_Handler
                0x0000000008000fe2        0x6 ./Core/Src/stm32f1xx_it.o
                0x0000000008000fe2                HardFault_Handler
 .text.MemManage_Handler
                0x0000000008000fe8        0x6 ./Core/Src/stm32f1xx_it.o
                0x0000000008000fe8                MemManage_Handler
 .text.BusFault_Handler
                0x0000000008000fee        0x6 ./Core/Src/stm32f1xx_it.o
                0x0000000008000fee                BusFault_Handler
 .text.UsageFault_Handler
                0x0000000008000ff4        0x6 ./Core/Src/stm32f1xx_it.o
                0x0000000008000ff4                UsageFault_Handler
 .text.SVC_Handler
                0x0000000008000ffa        0xc ./Core/Src/stm32f1xx_it.o
                0x0000000008000ffa                SVC_Handler
 .text.DebugMon_Handler
                0x0000000008001006        0xc ./Core/Src/stm32f1xx_it.o
                0x0000000008001006                DebugMon_Handler
 .text.PendSV_Handler
                0x0000000008001012        0xc ./Core/Src/stm32f1xx_it.o
                0x0000000008001012                PendSV_Handler
 .text.SysTick_Handler
                0x000000000800101e        0xc ./Core/Src/stm32f1xx_it.o
                0x000000000800101e                SysTick_Handler
 .text.SystemInit
                0x000000000800102a        0xc ./Core/Src/system_stm32f1xx.o
                0x000000000800102a                SystemInit
 *fill*         0x0000000008001036        0x2 
 .text.Reset_Handler
                0x0000000008001038       0x48 ./Core/Startup/startup_stm32f103vetx.o
                0x0000000008001038                Reset_Handler
 .text.Default_Handler
                0x0000000008001080        0x2 ./Core/Startup/startup_stm32f103vetx.o
                0x0000000008001080                RTC_Alarm_IRQHandler
                0x0000000008001080                EXTI2_IRQHandler
                0x0000000008001080                TIM8_TRG_COM_IRQHandler
                0x0000000008001080                TIM8_CC_IRQHandler
                0x0000000008001080                TIM1_CC_IRQHandler
                0x0000000008001080                TIM6_IRQHandler
                0x0000000008001080                PVD_IRQHandler
                0x0000000008001080                SDIO_IRQHandler
                0x0000000008001080                EXTI3_IRQHandler
                0x0000000008001080                EXTI0_IRQHandler
                0x0000000008001080                I2C2_EV_IRQHandler
                0x0000000008001080                ADC1_2_IRQHandler
                0x0000000008001080                SPI1_IRQHandler
                0x0000000008001080                TAMPER_IRQHandler
                0x0000000008001080                TIM8_UP_IRQHandler
                0x0000000008001080                DMA2_Channel2_IRQHandler
                0x0000000008001080                DMA1_Channel4_IRQHandler
                0x0000000008001080                USART3_IRQHandler
                0x0000000008001080                RTC_IRQHandler
                0x0000000008001080                DMA1_Channel7_IRQHandler
                0x0000000008001080                CAN1_RX1_IRQHandler
                0x0000000008001080                UART5_IRQHandler
                0x0000000008001080                ADC3_IRQHandler
                0x0000000008001080                TIM4_IRQHandler
                0x0000000008001080                DMA2_Channel1_IRQHandler
                0x0000000008001080                I2C1_EV_IRQHandler
                0x0000000008001080                DMA1_Channel6_IRQHandler
                0x0000000008001080                UART4_IRQHandler
                0x0000000008001080                TIM3_IRQHandler
                0x0000000008001080                RCC_IRQHandler
                0x0000000008001080                TIM1_TRG_COM_IRQHandler
                0x0000000008001080                DMA1_Channel1_IRQHandler
                0x0000000008001080                Default_Handler
                0x0000000008001080                EXTI15_10_IRQHandler
                0x0000000008001080                TIM7_IRQHandler
                0x0000000008001080                TIM5_IRQHandler
                0x0000000008001080                EXTI9_5_IRQHandler
                0x0000000008001080                SPI2_IRQHandler
                0x0000000008001080                DMA1_Channel5_IRQHandler
                0x0000000008001080                EXTI4_IRQHandler
                0x0000000008001080                USB_LP_CAN1_RX0_IRQHandler
                0x0000000008001080                USB_HP_CAN1_TX_IRQHandler
                0x0000000008001080                DMA1_Channel3_IRQHandler
                0x0000000008001080                FSMC_IRQHandler
                0x0000000008001080                TIM1_UP_IRQHandler
                0x0000000008001080                WWDG_IRQHandler
                0x0000000008001080                TIM2_IRQHandler
                0x0000000008001080                TIM1_BRK_IRQHandler
                0x0000000008001080                EXTI1_IRQHandler
                0x0000000008001080                DMA2_Channel4_5_IRQHandler
                0x0000000008001080                USART2_IRQHandler
                0x0000000008001080                I2C2_ER_IRQHandler
                0x0000000008001080                DMA1_Channel2_IRQHandler
                0x0000000008001080                TIM8_BRK_IRQHandler
                0x0000000008001080                CAN1_SCE_IRQHandler
                0x0000000008001080                FLASH_IRQHandler
                0x0000000008001080                USART1_IRQHandler
                0x0000000008001080                SPI3_IRQHandler
                0x0000000008001080                I2C1_ER_IRQHandler
                0x0000000008001080                USBWakeUp_IRQHandler
                0x0000000008001080                DMA2_Channel3_IRQHandler
 *fill*         0x0000000008001082        0x2 
 .text.HAL_Init
                0x0000000008001084       0x2c ./Drivers/STM32F1xx_HAL_Driver/Src/stm32f1xx_hal.o
                0x0000000008001084                HAL_Init
 .text.HAL_InitTick
                0x00000000080010b0       0x60 ./Drivers/STM32F1xx_HAL_Driver/Src/stm32f1xx_hal.o
                0x00000000080010b0                HAL_InitTick
 .text.HAL_IncTick
                0x0000000008001110       0x24 ./Drivers/STM32F1xx_HAL_Driver/Src/stm32f1xx_hal.o
                0x0000000008001110                HAL_IncTick
 .text.HAL_GetTick
                0x0000000008001134       0x14 ./Drivers/STM32F1xx_HAL_Driver/Src/stm32f1xx_hal.o
                0x0000000008001134                HAL_GetTick
 .text.HAL_Delay
                0x0000000008001148       0x48 ./Drivers/STM32F1xx_HAL_Driver/Src/stm32f1xx_hal.o
                0x0000000008001148                HAL_Delay
 .text.__NVIC_SetPriorityGrouping
                0x0000000008001190       0x48 ./Drivers/STM32F1xx_HAL_Driver/Src/stm32f1xx_hal_cortex.o
 .text.__NVIC_GetPriorityGrouping
                0x00000000080011d8       0x1c ./Drivers/STM32F1xx_HAL_Driver/Src/stm32f1xx_hal_cortex.o
 .text.__NVIC_SetPriority
                0x00000000080011f4       0x54 ./Drivers/STM32F1xx_HAL_Driver/Src/stm32f1xx_hal_cortex.o
 .text.NVIC_EncodePriority
                0x0000000008001248       0x64 ./Drivers/STM32F1xx_HAL_Driver/Src/stm32f1xx_hal_cortex.o
 .text.SysTick_Config
                0x00000000080012ac       0x44 ./Drivers/STM32F1xx_HAL_Driver/Src/stm32f1xx_hal_cortex.o
 .text.HAL_NVIC_SetPriorityGrouping
                0x00000000080012f0       0x16 ./Drivers/STM32F1xx_HAL_Driver/Src/stm32f1xx_hal_cortex.o
                0x00000000080012f0                HAL_NVIC_SetPriorityGrouping
 .text.HAL_NVIC_SetPriority
                0x0000000008001306       0x38 ./Drivers/STM32F1xx_HAL_Driver/Src/stm32f1xx_hal_cortex.o
                0x0000000008001306                HAL_NVIC_SetPriority
 .text.HAL_SYSTICK_Config
                0x000000000800133e       0x18 ./Drivers/STM32F1xx_HAL_Driver/Src/stm32f1xx_hal_cortex.o
                0x000000000800133e                HAL_SYSTICK_Config
 *fill*         0x0000000008001356        0x2 
 .text.HAL_GPIO_Init
                0x0000000008001358      0x328 ./Drivers/STM32F1xx_HAL_Driver/Src/stm32f1xx_hal_gpio.o
                0x0000000008001358                HAL_GPIO_Init
 .text.HAL_GPIO_ReadPin
                0x0000000008001680       0x2e ./Drivers/STM32F1xx_HAL_Driver/Src/stm32f1xx_hal_gpio.o
                0x0000000008001680                HAL_GPIO_ReadPin
 .text.HAL_GPIO_WritePin
                0x00000000080016ae       0x30 ./Drivers/STM32F1xx_HAL_Driver/Src/stm32f1xx_hal_gpio.o
                0x00000000080016ae                HAL_GPIO_WritePin
 *fill*         0x00000000080016de        0x2 
 .text.HAL_RCC_OscConfig
                0x00000000080016e0      0x504 ./Drivers/STM32F1xx_HAL_Driver/Src/stm32f1xx_hal_rcc.o
                0x00000000080016e0                HAL_RCC_OscConfig
 .text.HAL_RCC_ClockConfig
                0x0000000008001be4      0x1d4 ./Drivers/STM32F1xx_HAL_Driver/Src/stm32f1xx_hal_rcc.o
                0x0000000008001be4                HAL_RCC_ClockConfig
 .text.HAL_RCC_GetSysClockFreq
                0x0000000008001db8       0xbc ./Drivers/STM32F1xx_HAL_Driver/Src/stm32f1xx_hal_rcc.o
                0x0000000008001db8                HAL_RCC_GetSysClockFreq
 .text.HAL_RCC_GetHCLKFreq
                0x0000000008001e74       0x14 ./Drivers/STM32F1xx_HAL_Driver/Src/stm32f1xx_hal_rcc.o
                0x0000000008001e74                HAL_RCC_GetHCLKFreq
 .text.HAL_RCC_GetPCLK1Freq
                0x0000000008001e88       0x28 ./Drivers/STM32F1xx_HAL_Driver/Src/stm32f1xx_hal_rcc.o
                0x0000000008001e88                HAL_RCC_GetPCLK1Freq
 .text.HAL_RCC_GetPCLK2Freq
                0x0000000008001eb0       0x28 ./Drivers/STM32F1xx_HAL_Driver/Src/stm32f1xx_hal_rcc.o
                0x0000000008001eb0                HAL_RCC_GetPCLK2Freq
 .text.RCC_Delay
                0x0000000008001ed8       0x3c ./Drivers/STM32F1xx_HAL_Driver/Src/stm32f1xx_hal_rcc.o
 .text.HAL_SPI_Init
                0x0000000008001f14      0x108 ./Drivers/STM32F1xx_HAL_Driver/Src/stm32f1xx_hal_spi.o
                0x0000000008001f14                HAL_SPI_Init
 .text.HAL_SRAM_Init
                0x000000000800201c       0x9a ./Drivers/STM32F1xx_HAL_Driver/Src/stm32f1xx_hal_sram.o
                0x000000000800201c                HAL_SRAM_Init
 .text.HAL_UART_Init
                0x00000000080020b6       0x9a ./Drivers/STM32F1xx_HAL_Driver/Src/stm32f1xx_hal_uart.o
                0x00000000080020b6                HAL_UART_Init
 .text.HAL_UART_Transmit
                0x0000000008002150      0x124 ./Drivers/STM32F1xx_HAL_Driver/Src/stm32f1xx_hal_uart.o
                0x0000000008002150                HAL_UART_Transmit
 .text.UART_WaitOnFlagUntilTimeout
                0x0000000008002274       0x94 ./Drivers/STM32F1xx_HAL_Driver/Src/stm32f1xx_hal_uart.o
 .text.UART_SetConfig
                0x0000000008002308      0x11c ./Drivers/STM32F1xx_HAL_Driver/Src/stm32f1xx_hal_uart.o
 .text.FSMC_NORSRAM_Init
                0x0000000008002424       0xd4 ./Drivers/STM32F1xx_HAL_Driver/Src/stm32f1xx_ll_fsmc.o
                0x0000000008002424                FSMC_NORSRAM_Init
 .text.FSMC_NORSRAM_Timing_Init
                0x00000000080024f8       0x68 ./Drivers/STM32F1xx_HAL_Driver/Src/stm32f1xx_ll_fsmc.o
                0x00000000080024f8                FSMC_NORSRAM_Timing_Init
 .text.FSMC_NORSRAM_Extended_Timing_Init
                0x0000000008002560       0x70 ./Drivers/STM32F1xx_HAL_Driver/Src/stm32f1xx_ll_fsmc.o
                0x0000000008002560                FSMC_NORSRAM_Extended_Timing_Init
 .text.MX_FATFS_Init
                0x00000000080025d0       0x24 ./FATFS/App/fatfs.o
                0x00000000080025d0                MX_FATFS_Init
 .text.USER_initialize
                0x00000000080025f4       0x1e ./FATFS/Target/user_diskio.o
                0x00000000080025f4                USER_initialize
 .text.USER_status
                0x0000000008002612       0x1e ./FATFS/Target/user_diskio.o
                0x0000000008002612                USER_status
 .text.USER_read
                0x0000000008002630       0x28 ./FATFS/Target/user_diskio.o
                0x0000000008002630                USER_read
 .text.USER_write
                0x0000000008002658       0x28 ./FATFS/Target/user_diskio.o
                0x0000000008002658                USER_write
 .text.USER_ioctl
                0x0000000008002680       0x28 ./FATFS/Target/user_diskio.o
                0x0000000008002680                USER_ioctl
 .text.__libc_init_array
                0x00000000080026a8       0x48 c:/st/stm32cubeide_1.9.0/stm32cubeide/plugins/com.st.stm32cube.ide.mcu.externaltools.gnu-tools-for-stm32.10.3-2021.10.win32_1.0.0.202111181127/tools/bin/../lib/gcc/arm-none-eabi/10.3.1/../../../../arm-none-eabi/lib/thumb/v7-m/nofp\libc_nano.a(lib_a-init.o)
                0x00000000080026a8                __libc_init_array
 .text.memset   0x00000000080026f0       0x10 c:/st/stm32cubeide_1.9.0/stm32cubeide/plugins/com.st.stm32cube.ide.mcu.externaltools.gnu-tools-for-stm32.10.3-2021.10.win32_1.0.0.202111181127/tools/bin/../lib/gcc/arm-none-eabi/10.3.1/../../../../arm-none-eabi/lib/thumb/v7-m/nofp\libc_nano.a(lib_a-memset.o)
                0x00000000080026f0                memset
 *(.glue_7)
 .glue_7        0x0000000008002700        0x0 linker stubs
 *(.glue_7t)
 .glue_7t       0x0000000008002700        0x0 linker stubs
 *(.eh_frame)
 .eh_frame      0x0000000008002700        0x0 c:/st/stm32cubeide_1.9.0/stm32cubeide/plugins/com.st.stm32cube.ide.mcu.externaltools.gnu-tools-for-stm32.10.3-2021.10.win32_1.0.0.202111181127/tools/bin/../lib/gcc/arm-none-eabi/10.3.1/thumb/v7-m/nofp/crtbegin.o
 *(.init)
 .init          0x0000000008002700        0x4 c:/st/stm32cubeide_1.9.0/stm32cubeide/plugins/com.st.stm32cube.ide.mcu.externaltools.gnu-tools-for-stm32.10.3-2021.10.win32_1.0.0.202111181127/tools/bin/../lib/gcc/arm-none-eabi/10.3.1/thumb/v7-m/nofp/crti.o
                0x0000000008002700                _init
 .init          0x0000000008002704        0x8 c:/st/stm32cubeide_1.9.0/stm32cubeide/plugins/com.st.stm32cube.ide.mcu.externaltools.gnu-tools-for-stm32.10.3-2021.10.win32_1.0.0.202111181127/tools/bin/../lib/gcc/arm-none-eabi/10.3.1/thumb/v7-m/nofp/crtn.o
 *(.fini)
 .fini          0x000000000800270c        0x4 c:/st/stm32cubeide_1.9.0/stm32cubeide/plugins/com.st.stm32cube.ide.mcu.externaltools.gnu-tools-for-stm32.10.3-2021.10.win32_1.0.0.202111181127/tools/bin/../lib/gcc/arm-none-eabi/10.3.1/thumb/v7-m/nofp/crti.o
                0x000000000800270c                _fini
 .fini          0x0000000008002710        0x8 c:/st/stm32cubeide_1.9.0/stm32cubeide/plugins/com.st.stm32cube.ide.mcu.externaltools.gnu-tools-for-stm32.10.3-2021.10.win32_1.0.0.202111181127/tools/bin/../lib/gcc/arm-none-eabi/10.3.1/thumb/v7-m/nofp/crtn.o
                0x0000000008002718                . = ALIGN (0x4)
                0x0000000008002718                _etext = .

.vfp11_veneer   0x0000000008002718        0x0
 .vfp11_veneer  0x0000000008002718        0x0 linker stubs

.v4_bx          0x0000000008002718        0x0
 .v4_bx         0x0000000008002718        0x0 linker stubs

.iplt           0x0000000008002718        0x0
 .iplt          0x0000000008002718        0x0 c:/st/stm32cubeide_1.9.0/stm32cubeide/plugins/com.st.stm32cube.ide.mcu.externaltools.gnu-tools-for-stm32.10.3-2021.10.win32_1.0.0.202111181127/tools/bin/../lib/gcc/arm-none-eabi/10.3.1/thumb/v7-m/nofp/crtbegin.o

.rodata         0x0000000008002718      0x6b0
                0x0000000008002718                . = ALIGN (0x4)
 *(.rodata)
 .rodata        0x0000000008002718       0x96 ./Core/Src/main.o
 *fill*         0x00000000080027ae        0x2 
 .rodata        0x00000000080027b0       0x10 ./Drivers/STM32F1xx_HAL_Driver/Src/stm32f1xx_hal_rcc.o
 *(.rodata*)
 .rodata.ucAscii_1608
                0x00000000080027c0      0x5f0 ./Core/Src/lcd.o
                0x00000000080027c0                ucAscii_1608
 .rodata.AHBPrescTable
                0x0000000008002db0       0x10 ./Core/Src/system_stm32f1xx.o
                0x0000000008002db0                AHBPrescTable
 .rodata.APBPrescTable
                0x0000000008002dc0        0x8 ./Core/Src/system_stm32f1xx.o
                0x0000000008002dc0                APBPrescTable
                0x0000000008002dc8                . = ALIGN (0x4)

.rel.dyn        0x0000000008002dc8        0x0
 .rel.iplt      0x0000000008002dc8        0x0 c:/st/stm32cubeide_1.9.0/stm32cubeide/plugins/com.st.stm32cube.ide.mcu.externaltools.gnu-tools-for-stm32.10.3-2021.10.win32_1.0.0.202111181127/tools/bin/../lib/gcc/arm-none-eabi/10.3.1/thumb/v7-m/nofp/crtbegin.o

.ARM.extab      0x0000000008002dc8        0x0
                0x0000000008002dc8                . = ALIGN (0x4)
 *(.ARM.extab* .gnu.linkonce.armextab.*)
                0x0000000008002dc8                . = ALIGN (0x4)

.ARM            0x0000000008002dc8        0x0
                0x0000000008002dc8                . = ALIGN (0x4)
                0x0000000008002dc8                __exidx_start = .
 *(.ARM.exidx*)
                0x0000000008002dc8                __exidx_end = .
                0x0000000008002dc8                . = ALIGN (0x4)

.preinit_array  0x0000000008002dc8        0x0
                0x0000000008002dc8                . = ALIGN (0x4)
                0x0000000008002dc8                PROVIDE (__preinit_array_start = .)
 *(.preinit_array*)
                0x0000000008002dc8                PROVIDE (__preinit_array_end = .)
                0x0000000008002dc8                . = ALIGN (0x4)

.init_array     0x0000000008002dc8        0x4
                0x0000000008002dc8                . = ALIGN (0x4)
                0x0000000008002dc8                PROVIDE (__init_array_start = .)
 *(SORT_BY_NAME(.init_array.*))
 *(.init_array*)
 .init_array    0x0000000008002dc8        0x4 c:/st/stm32cubeide_1.9.0/stm32cubeide/plugins/com.st.stm32cube.ide.mcu.externaltools.gnu-tools-for-stm32.10.3-2021.10.win32_1.0.0.202111181127/tools/bin/../lib/gcc/arm-none-eabi/10.3.1/thumb/v7-m/nofp/crtbegin.o
                0x0000000008002dcc                PROVIDE (__init_array_end = .)
                0x0000000008002dcc                . = ALIGN (0x4)

.fini_array     0x0000000008002dcc        0x4
                0x0000000008002dcc                . = ALIGN (0x4)
                [!provide]                        PROVIDE (__fini_array_start = .)
 *(SORT_BY_NAME(.fini_array.*))
 *(.fini_array*)
 .fini_array    0x0000000008002dcc        0x4 c:/st/stm32cubeide_1.9.0/stm32cubeide/plugins/com.st.stm32cube.ide.mcu.externaltools.gnu-tools-for-stm32.10.3-2021.10.win32_1.0.0.202111181127/tools/bin/../lib/gcc/arm-none-eabi/10.3.1/thumb/v7-m/nofp/crtbegin.o
                [!provide]                        PROVIDE (__fini_array_end = .)
                0x0000000008002dd0                . = ALIGN (0x4)
                0x0000000008002dd0                _sidata = LOADADDR (.data)

.data           0x0000000020000000       0x20 load address 0x0000000008002dd0
                0x0000000020000000                . = ALIGN (0x4)
                0x0000000020000000                _sdata = .
 *(.data)
 *(.data*)
 .data.SystemCoreClock
                0x0000000020000000        0x4 ./Core/Src/system_stm32f1xx.o
                0x0000000020000000                SystemCoreClock
 .data.uwTickPrio
                0x0000000020000004        0x4 ./Drivers/STM32F1xx_HAL_Driver/Src/stm32f1xx_hal.o
                0x0000000020000004                uwTickPrio
 .data.uwTickFreq
                0x0000000020000008        0x1 ./Drivers/STM32F1xx_HAL_Driver/Src/stm32f1xx_hal.o
                0x0000000020000008                uwTickFreq
 *fill*         0x0000000020000009        0x3 
 .data.USER_Driver
                0x000000002000000c       0x14 ./FATFS/Target/user_diskio.o
                0x000000002000000c                USER_Driver
 *(.RamFunc)
 *(.RamFunc*)
                0x0000000020000020                . = ALIGN (0x4)
                0x0000000020000020                _edata = .

.igot.plt       0x0000000020000020        0x0 load address 0x0000000008002df0
 .igot.plt      0x0000000020000020        0x0 c:/st/stm32cubeide_1.9.0/stm32cubeide/plugins/com.st.stm32cube.ide.mcu.externaltools.gnu-tools-for-stm32.10.3-2021.10.win32_1.0.0.202111181127/tools/bin/../lib/gcc/arm-none-eabi/10.3.1/thumb/v7-m/nofp/crtbegin.o
                0x0000000020000020                . = ALIGN (0x4)

.bss            0x0000000020000020      0x120 load address 0x0000000008002df0
                0x0000000020000020                _sbss = .
                0x0000000020000020                __bss_start__ = _sbss
 *(.bss)
 .bss           0x0000000020000020       0x1c c:/st/stm32cubeide_1.9.0/stm32cubeide/plugins/com.st.stm32cube.ide.mcu.externaltools.gnu-tools-for-stm32.10.3-2021.10.win32_1.0.0.202111181127/tools/bin/../lib/gcc/arm-none-eabi/10.3.1/thumb/v7-m/nofp/crtbegin.o
 *(.bss*)
 .bss.disk      0x000000002000003c        0xc ./Core/Middlewares/Third_Party/FatFs/src/ff_gen_drv.o
                0x000000002000003c                disk
 .bss.DYuart    0x0000000020000048        0x4 ./Core/Src/dy_sv17f.o
 .bss.hspi1     0x000000002000004c       0x58 ./Core/Src/main.o
                0x000000002000004c                hspi1
 .bss.huart1    0x00000000200000a4       0x44 ./Core/Src/main.o
                0x00000000200000a4                huart1
 .bss.hsram1    0x00000000200000e8       0x48 ./Core/Src/main.o
                0x00000000200000e8                hsram1
 .bss.FSMC_Initialized
                0x0000000020000130        0x4 ./Core/Src/stm32f1xx_hal_msp.o
 .bss.uwTick    0x0000000020000134        0x4 ./Drivers/STM32F1xx_HAL_Driver/Src/stm32f1xx_hal.o
                0x0000000020000134                uwTick
 .bss.retUSER   0x0000000020000138        0x1 ./FATFS/App/fatfs.o
                0x0000000020000138                retUSER
 *fill*         0x0000000020000139        0x3 
 .bss.USERPath  0x000000002000013c        0x4 ./FATFS/App/fatfs.o
                0x000000002000013c                USERPath
 *(COMMON)
                0x0000000020000140                . = ALIGN (0x4)
                0x0000000020000140                _ebss = .
                0x0000000020000140                __bss_end__ = _ebss

._user_heap_stack
                0x0000000020000140      0x600 load address 0x0000000008002df0
                0x0000000020000140                . = ALIGN (0x8)
                [!provide]                        PROVIDE (end = .)
                0x0000000020000140                PROVIDE (_end = .)
                0x0000000020000340                . = (. + _Min_Heap_Size)
 *fill*         0x0000000020000140      0x200 
                0x0000000020000740                . = (. + _Min_Stack_Size)
 *fill*         0x0000000020000340      0x400 
                0x0000000020000740                . = ALIGN (0x8)

/DISCARD/
 libc.a(*)
 libm.a(*)
 libgcc.a(*)

.ARM.attributes
                0x0000000000000000       0x29
 *(.ARM.attributes)
 .ARM.attributes
                0x0000000000000000       0x1d c:/st/stm32cubeide_1.9.0/stm32cubeide/plugins/com.st.stm32cube.ide.mcu.externaltools.gnu-tools-for-stm32.10.3-2021.10.win32_1.0.0.202111181127/tools/bin/../lib/gcc/arm-none-eabi/10.3.1/thumb/v7-m/nofp/crti.o
 .ARM.attributes
                0x000000000000001d       0x2d c:/st/stm32cubeide_1.9.0/stm32cubeide/plugins/com.st.stm32cube.ide.mcu.externaltools.gnu-tools-for-stm32.10.3-2021.10.win32_1.0.0.202111181127/tools/bin/../lib/gcc/arm-none-eabi/10.3.1/thumb/v7-m/nofp/crtbegin.o
 .ARM.attributes
                0x000000000000004a       0x2d ./Core/Middlewares/Third_Party/FatFs/src/ff_gen_drv.o
 .ARM.attributes
                0x0000000000000077       0x2d ./Core/Src/dy_sv17f.o
 .ARM.attributes
                0x00000000000000a4       0x2d ./Core/Src/lcd.o
 .ARM.attributes
                0x00000000000000d1       0x2d ./Core/Src/main.o
 .ARM.attributes
                0x00000000000000fe       0x2d ./Core/Src/stm32f1xx_hal_msp.o
 .ARM.attributes
                0x000000000000012b       0x2d ./Core/Src/stm32f1xx_it.o
 .ARM.attributes
                0x0000000000000158       0x2d ./Core/Src/system_stm32f1xx.o
 .ARM.attributes
                0x0000000000000185       0x21 ./Core/Startup/startup_stm32f103vetx.o
 .ARM.attributes
                0x00000000000001a6       0x2d ./Drivers/STM32F1xx_HAL_Driver/Src/stm32f1xx_hal.o
 .ARM.attributes
                0x00000000000001d3       0x2d ./Drivers/STM32F1xx_HAL_Driver/Src/stm32f1xx_hal_cortex.o
 .ARM.attributes
                0x0000000000000200       0x2d ./Drivers/STM32F1xx_HAL_Driver/Src/stm32f1xx_hal_gpio.o
 .ARM.attributes
                0x000000000000022d       0x2d ./Drivers/STM32F1xx_HAL_Driver/Src/stm32f1xx_hal_rcc.o
 .ARM.attributes
                0x000000000000025a       0x2d ./Drivers/STM32F1xx_HAL_Driver/Src/stm32f1xx_hal_spi.o
 .ARM.attributes
                0x0000000000000287       0x2d ./Drivers/STM32F1xx_HAL_Driver/Src/stm32f1xx_hal_sram.o
 .ARM.attributes
                0x00000000000002b4       0x2d ./Drivers/STM32F1xx_HAL_Driver/Src/stm32f1xx_hal_uart.o
 .ARM.attributes
                0x00000000000002e1       0x2d ./Drivers/STM32F1xx_HAL_Driver/Src/stm32f1xx_ll_fsmc.o
 .ARM.attributes
                0x000000000000030e       0x2d ./FATFS/App/fatfs.o
 .ARM.attributes
                0x000000000000033b       0x2d ./FATFS/Target/user_diskio.o
 .ARM.attributes
                0x0000000000000368       0x2d c:/st/stm32cubeide_1.9.0/stm32cubeide/plugins/com.st.stm32cube.ide.mcu.externaltools.gnu-tools-for-stm32.10.3-2021.10.win32_1.0.0.202111181127/tools/bin/../lib/gcc/arm-none-eabi/10.3.1/../../../../arm-none-eabi/lib/thumb/v7-m/nofp\libc_nano.a(lib_a-init.o)
 .ARM.attributes
                0x0000000000000395       0x2d c:/st/stm32cubeide_1.9.0/stm32cubeide/plugins/com.st.stm32cube.ide.mcu.externaltools.gnu-tools-for-stm32.10.3-2021.10.win32_1.0.0.202111181127/tools/bin/../lib/gcc/arm-none-eabi/10.3.1/../../../../arm-none-eabi/lib/thumb/v7-m/nofp\libc_nano.a(lib_a-memset.o)
 .ARM.attributes
                0x00000000000003c2       0x1d c:/st/stm32cubeide_1.9.0/stm32cubeide/plugins/com.st.stm32cube.ide.mcu.externaltools.gnu-tools-for-stm32.10.3-2021.10.win32_1.0.0.202111181127/tools/bin/../lib/gcc/arm-none-eabi/10.3.1/thumb/v7-m/nofp/crtn.o
OUTPUT(ELEC3300_project_jubeat_imitate.elf elf32-littlearm)
LOAD linker stubs
LOAD c:/st/stm32cubeide_1.9.0/stm32cubeide/plugins/com.st.stm32cube.ide.mcu.externaltools.gnu-tools-for-stm32.10.3-2021.10.win32_1.0.0.202111181127/tools/bin/../lib/gcc/arm-none-eabi/10.3.1/../../../../arm-none-eabi/lib/thumb/v7-m/nofp\libc.a
LOAD c:/st/stm32cubeide_1.9.0/stm32cubeide/plugins/com.st.stm32cube.ide.mcu.externaltools.gnu-tools-for-stm32.10.3-2021.10.win32_1.0.0.202111181127/tools/bin/../lib/gcc/arm-none-eabi/10.3.1/../../../../arm-none-eabi/lib/thumb/v7-m/nofp\libm.a
LOAD c:/st/stm32cubeide_1.9.0/stm32cubeide/plugins/com.st.stm32cube.ide.mcu.externaltools.gnu-tools-for-stm32.10.3-2021.10.win32_1.0.0.202111181127/tools/bin/../lib/gcc/arm-none-eabi/10.3.1/thumb/v7-m/nofp\libgcc.a

.debug_info     0x0000000000000000     0xa6a4
 .debug_info    0x0000000000000000      0x3a4 ./Core/Middlewares/Third_Party/FatFs/src/ff_gen_drv.o
 .debug_info    0x00000000000003a4      0xbff ./Core/Src/dy_sv17f.o
 .debug_info    0x0000000000000fa3      0x672 ./Core/Src/lcd.o
 .debug_info    0x0000000000001615     0x10bb ./Core/Src/main.o
 .debug_info    0x00000000000026d0      0xe14 ./Core/Src/stm32f1xx_hal_msp.o
 .debug_info    0x00000000000034e4      0x122 ./Core/Src/stm32f1xx_it.o
 .debug_info    0x0000000000003606      0x23d ./Core/Src/system_stm32f1xx.o
 .debug_info    0x0000000000003843       0x22 ./Core/Startup/startup_stm32f103vetx.o
 .debug_info    0x0000000000003865      0x79a ./Drivers/STM32F1xx_HAL_Driver/Src/stm32f1xx_hal.o
 .debug_info    0x0000000000003fff      0xb86 ./Drivers/STM32F1xx_HAL_Driver/Src/stm32f1xx_hal_cortex.o
 .debug_info    0x0000000000004b85      0x615 ./Drivers/STM32F1xx_HAL_Driver/Src/stm32f1xx_hal_gpio.o
 .debug_info    0x000000000000519a      0x860 ./Drivers/STM32F1xx_HAL_Driver/Src/stm32f1xx_hal_rcc.o
 .debug_info    0x00000000000059fa     0x1666 ./Drivers/STM32F1xx_HAL_Driver/Src/stm32f1xx_hal_spi.o
 .debug_info    0x0000000000007060      0xd5b ./Drivers/STM32F1xx_HAL_Driver/Src/stm32f1xx_hal_sram.o
 .debug_info    0x0000000000007dbb     0x15d8 ./Drivers/STM32F1xx_HAL_Driver/Src/stm32f1xx_hal_uart.o
 .debug_info    0x0000000000009393      0xa08 ./Drivers/STM32F1xx_HAL_Driver/Src/stm32f1xx_ll_fsmc.o
 .debug_info    0x0000000000009d9b      0x52d ./FATFS/App/fatfs.o
 .debug_info    0x000000000000a2c8      0x3dc ./FATFS/Target/user_diskio.o

.debug_abbrev   0x0000000000000000     0x20b8
 .debug_abbrev  0x0000000000000000      0x196 ./Core/Middlewares/Third_Party/FatFs/src/ff_gen_drv.o
 .debug_abbrev  0x0000000000000196      0x1f0 ./Core/Src/dy_sv17f.o
 .debug_abbrev  0x0000000000000386      0x218 ./Core/Src/lcd.o
 .debug_abbrev  0x000000000000059e      0x2a7 ./Core/Src/main.o
 .debug_abbrev  0x0000000000000845      0x204 ./Core/Src/stm32f1xx_hal_msp.o
 .debug_abbrev  0x0000000000000a49       0x74 ./Core/Src/stm32f1xx_it.o
 .debug_abbrev  0x0000000000000abd      0x13b ./Core/Src/system_stm32f1xx.o
 .debug_abbrev  0x0000000000000bf8       0x12 ./Core/Startup/startup_stm32f103vetx.o
 .debug_abbrev  0x0000000000000c0a      0x1fb ./Drivers/STM32F1xx_HAL_Driver/Src/stm32f1xx_hal.o
 .debug_abbrev  0x0000000000000e05      0x2ed ./Drivers/STM32F1xx_HAL_Driver/Src/stm32f1xx_hal_cortex.o
 .debug_abbrev  0x00000000000010f2      0x1bb ./Drivers/STM32F1xx_HAL_Driver/Src/stm32f1xx_hal_gpio.o
 .debug_abbrev  0x00000000000012ad      0x2a8 ./Drivers/STM32F1xx_HAL_Driver/Src/stm32f1xx_hal_rcc.o
 .debug_abbrev  0x0000000000001555      0x26e ./Drivers/STM32F1xx_HAL_Driver/Src/stm32f1xx_hal_spi.o
 .debug_abbrev  0x00000000000017c3      0x1f8 ./Drivers/STM32F1xx_HAL_Driver/Src/stm32f1xx_hal_sram.o
 .debug_abbrev  0x00000000000019bb      0x278 ./Drivers/STM32F1xx_HAL_Driver/Src/stm32f1xx_hal_uart.o
 .debug_abbrev  0x0000000000001c33      0x196 ./Drivers/STM32F1xx_HAL_Driver/Src/stm32f1xx_ll_fsmc.o
 .debug_abbrev  0x0000000000001dc9      0x19a ./FATFS/App/fatfs.o
 .debug_abbrev  0x0000000000001f63      0x155 ./FATFS/Target/user_diskio.o

.debug_aranges  0x0000000000000000      0xb80
 .debug_aranges
                0x0000000000000000       0x40 ./Core/Middlewares/Third_Party/FatFs/src/ff_gen_drv.o
 .debug_aranges
                0x0000000000000040       0xe8 ./Core/Src/dy_sv17f.o
 .debug_aranges
                0x0000000000000128       0x98 ./Core/Src/lcd.o
 .debug_aranges
                0x00000000000001c0       0x50 ./Core/Src/main.o
 .debug_aranges
                0x0000000000000210       0x60 ./Core/Src/stm32f1xx_hal_msp.o
 .debug_aranges
                0x0000000000000270       0x60 ./Core/Src/stm32f1xx_it.o
 .debug_aranges
                0x00000000000002d0       0x28 ./Core/Src/system_stm32f1xx.o
 .debug_aranges
                0x00000000000002f8       0x28 ./Core/Startup/startup_stm32f103vetx.o
 .debug_aranges
                0x0000000000000320       0xe0 ./Drivers/STM32F1xx_HAL_Driver/Src/stm32f1xx_hal.o
 .debug_aranges
                0x0000000000000400      0x100 ./Drivers/STM32F1xx_HAL_Driver/Src/stm32f1xx_hal_cortex.o
 .debug_aranges
                0x0000000000000500       0x58 ./Drivers/STM32F1xx_HAL_Driver/Src/stm32f1xx_hal_gpio.o
 .debug_aranges
                0x0000000000000558       0x90 ./Drivers/STM32F1xx_HAL_Driver/Src/stm32f1xx_hal_rcc.o
 .debug_aranges
                0x00000000000005e8      0x1d0 ./Drivers/STM32F1xx_HAL_Driver/Src/stm32f1xx_hal_spi.o
 .debug_aranges
                0x00000000000007b8       0xb8 ./Drivers/STM32F1xx_HAL_Driver/Src/stm32f1xx_hal_sram.o
 .debug_aranges
                0x0000000000000870      0x200 ./Drivers/STM32F1xx_HAL_Driver/Src/stm32f1xx_hal_uart.o
 .debug_aranges
                0x0000000000000a70       0xa8 ./Drivers/STM32F1xx_HAL_Driver/Src/stm32f1xx_ll_fsmc.o
 .debug_aranges
                0x0000000000000b18       0x28 ./FATFS/App/fatfs.o
 .debug_aranges
                0x0000000000000b40       0x40 ./FATFS/Target/user_diskio.o

.debug_ranges   0x0000000000000000      0xa98
 .debug_ranges  0x0000000000000000       0x30 ./Core/Middlewares/Third_Party/FatFs/src/ff_gen_drv.o
 .debug_ranges  0x0000000000000030       0xd8 ./Core/Src/dy_sv17f.o
 .debug_ranges  0x0000000000000108       0x88 ./Core/Src/lcd.o
 .debug_ranges  0x0000000000000190       0x40 ./Core/Src/main.o
 .debug_ranges  0x00000000000001d0       0x50 ./Core/Src/stm32f1xx_hal_msp.o
 .debug_ranges  0x0000000000000220       0x50 ./Core/Src/stm32f1xx_it.o
 .debug_ranges  0x0000000000000270       0x18 ./Core/Src/system_stm32f1xx.o
 .debug_ranges  0x0000000000000288       0x20 ./Core/Startup/startup_stm32f103vetx.o
 .debug_ranges  0x00000000000002a8       0xd0 ./Drivers/STM32F1xx_HAL_Driver/Src/stm32f1xx_hal.o
 .debug_ranges  0x0000000000000378       0xf0 ./Drivers/STM32F1xx_HAL_Driver/Src/stm32f1xx_hal_cortex.o
 .debug_ranges  0x0000000000000468       0x48 ./Drivers/STM32F1xx_HAL_Driver/Src/stm32f1xx_hal_gpio.o
 .debug_ranges  0x00000000000004b0       0x80 ./Drivers/STM32F1xx_HAL_Driver/Src/stm32f1xx_hal_rcc.o
 .debug_ranges  0x0000000000000530      0x1c0 ./Drivers/STM32F1xx_HAL_Driver/Src/stm32f1xx_hal_spi.o
 .debug_ranges  0x00000000000006f0       0xa8 ./Drivers/STM32F1xx_HAL_Driver/Src/stm32f1xx_hal_sram.o
 .debug_ranges  0x0000000000000798      0x220 ./Drivers/STM32F1xx_HAL_Driver/Src/stm32f1xx_hal_uart.o
 .debug_ranges  0x00000000000009b8       0x98 ./Drivers/STM32F1xx_HAL_Driver/Src/stm32f1xx_ll_fsmc.o
 .debug_ranges  0x0000000000000a50       0x18 ./FATFS/App/fatfs.o
 .debug_ranges  0x0000000000000a68       0x30 ./FATFS/Target/user_diskio.o

.debug_macro    0x0000000000000000     0x2a94
 .debug_macro   0x0000000000000000      0x201 ./Core/Middlewares/Third_Party/FatFs/src/ff_gen_drv.o
 .debug_macro   0x0000000000000201      0x324 ./Core/Src/dy_sv17f.o
 .debug_macro   0x0000000000000525       0x16 ./Core/Src/dy_sv17f.o
 .debug_macro   0x000000000000053b       0x97 ./Core/Src/dy_sv17f.o
 .debug_macro   0x00000000000005d2       0xfd ./Core/Src/dy_sv17f.o
 .debug_macro   0x00000000000006cf       0x10 ./Core/Src/dy_sv17f.o
 .debug_macro   0x00000000000006df       0x10 ./Core/Src/dy_sv17f.o
 .debug_macro   0x00000000000006ef       0x1c ./Core/Src/dy_sv17f.o
 .debug_macro   0x000000000000070b       0x52 ./Core/Src/dy_sv17f.o
 .debug_macro   0x000000000000075d       0x22 ./Core/Src/dy_sv17f.o
 .debug_macro   0x000000000000077f       0x10 ./Core/Src/dy_sv17f.o
 .debug_macro   0x000000000000078f       0x52 ./Core/Src/dy_sv17f.o
 .debug_macro   0x00000000000007e1       0xd5 ./Core/Src/dy_sv17f.o
 .debug_macro   0x00000000000008b6       0x1c ./Core/Src/dy_sv17f.o
 .debug_macro   0x00000000000008d2       0x3d ./Core/Src/dy_sv17f.o
 .debug_macro   0x000000000000090f       0x16 ./Core/Src/dy_sv17f.o
 .debug_macro   0x0000000000000925      0x145 ./Core/Src/dy_sv17f.o
 .debug_macro   0x0000000000000a6a       0x2e ./Core/Src/dy_sv17f.o
 .debug_macro   0x0000000000000a98      0x1cb ./Core/Src/lcd.o
 .debug_macro   0x0000000000000c63       0xd0 ./Core/Src/lcd.o
 .debug_macro   0x0000000000000d33      0x342 ./Core/Src/main.o
 .debug_macro   0x0000000000001075       0x52 ./Core/Src/main.o
 .debug_macro   0x00000000000010c7       0x35 ./Core/Src/main.o
 .debug_macro   0x00000000000010fc       0xd6 ./Core/Src/main.o
 .debug_macro   0x00000000000011d2      0x1c1 ./Core/Src/stm32f1xx_hal_msp.o
 .debug_macro   0x0000000000001393      0x1cb ./Core/Src/stm32f1xx_it.o
 .debug_macro   0x000000000000155e      0x1b2 ./Core/Src/system_stm32f1xx.o
 .debug_macro   0x0000000000001710      0x1d6 ./Drivers/STM32F1xx_HAL_Driver/Src/stm32f1xx_hal.o
 .debug_macro   0x00000000000018e6      0x1b2 ./Drivers/STM32F1xx_HAL_Driver/Src/stm32f1xx_hal_cortex.o
 .debug_macro   0x0000000000001a98      0x21d ./Drivers/STM32F1xx_HAL_Driver/Src/stm32f1xx_hal_gpio.o
 .debug_macro   0x0000000000001cb5      0x1c4 ./Drivers/STM32F1xx_HAL_Driver/Src/stm32f1xx_hal_rcc.o
 .debug_macro   0x0000000000001e79      0x1ba ./Drivers/STM32F1xx_HAL_Driver/Src/stm32f1xx_hal_spi.o
 .debug_macro   0x0000000000002033      0x1b2 ./Drivers/STM32F1xx_HAL_Driver/Src/stm32f1xx_hal_sram.o
 .debug_macro   0x00000000000021e5      0x1b3 ./Drivers/STM32F1xx_HAL_Driver/Src/stm32f1xx_hal_uart.o
 .debug_macro   0x0000000000002398      0x1eb ./Drivers/STM32F1xx_HAL_Driver/Src/stm32f1xx_ll_fsmc.o
 .debug_macro   0x0000000000002583      0x214 ./FATFS/App/fatfs.o
 .debug_macro   0x0000000000002797      0x2cd ./FATFS/Target/user_diskio.o
 .debug_macro   0x0000000000002a64       0x10 ./FATFS/Target/user_diskio.o
 .debug_macro   0x0000000000002a74       0x20 ./FATFS/Target/user_diskio.o

.debug_line     0x0000000000000000     0xc57b
 .debug_line    0x0000000000000000      0x7b1 ./Core/Middlewares/Third_Party/FatFs/src/ff_gen_drv.o
 .debug_line    0x00000000000007b1      0xbe3 ./Core/Src/dy_sv17f.o
 .debug_line    0x0000000000001394      0x9c8 ./Core/Src/lcd.o
 .debug_line    0x0000000000001d5c      0xa49 ./Core/Src/main.o
 .debug_line    0x00000000000027a5      0x7ca ./Core/Src/stm32f1xx_hal_msp.o
 .debug_line    0x0000000000002f6f      0x745 ./Core/Src/stm32f1xx_it.o
 .debug_line    0x00000000000036b4      0x701 ./Core/Src/system_stm32f1xx.o
 .debug_line    0x0000000000003db5       0x87 ./Core/Startup/startup_stm32f103vetx.o
 .debug_line    0x0000000000003e3c      0x92e ./Drivers/STM32F1xx_HAL_Driver/Src/stm32f1xx_hal.o
 .debug_line    0x000000000000476a      0xb16 ./Drivers/STM32F1xx_HAL_Driver/Src/stm32f1xx_hal_cortex.o
 .debug_line    0x0000000000005280      0x9ed ./Drivers/STM32F1xx_HAL_Driver/Src/stm32f1xx_hal_gpio.o
 .debug_line    0x0000000000005c6d      0xd3c ./Drivers/STM32F1xx_HAL_Driver/Src/stm32f1xx_hal_rcc.o
 .debug_line    0x00000000000069a9     0x1bb3 ./Drivers/STM32F1xx_HAL_Driver/Src/stm32f1xx_hal_spi.o
 .debug_line    0x000000000000855c      0xca1 ./Drivers/STM32F1xx_HAL_Driver/Src/stm32f1xx_hal_sram.o
 .debug_line    0x00000000000091fd     0x1a09 ./Drivers/STM32F1xx_HAL_Driver/Src/stm32f1xx_hal_uart.o
 .debug_line    0x000000000000ac06      0x98c ./Drivers/STM32F1xx_HAL_Driver/Src/stm32f1xx_ll_fsmc.o
 .debug_line    0x000000000000b592      0x71e ./FATFS/App/fatfs.o
 .debug_line    0x000000000000bcb0      0x8cb ./FATFS/Target/user_diskio.o

.debug_str      0x0000000000000000    0x95d92
 .debug_str     0x0000000000000000    0x8e5ea ./Core/Middlewares/Third_Party/FatFs/src/ff_gen_drv.o
                                      0x8ea19 (size before relaxing)
 .debug_str     0x000000000008e5ea     0x43b3 ./Core/Src/dy_sv17f.o
                                      0x924e7 (size before relaxing)
 .debug_str     0x000000000009299d      0x59c ./Core/Src/lcd.o
                                      0x8e66f (size before relaxing)
 .debug_str     0x0000000000092f39      0x63d ./Core/Src/main.o
                                      0x92d6a (size before relaxing)
 .debug_str     0x0000000000093576       0xf9 ./Core/Src/stm32f1xx_hal_msp.o
                                      0x8ea06 (size before relaxing)
 .debug_str     0x000000000009366f       0xc9 ./Core/Src/stm32f1xx_it.o
                                      0x8e1f4 (size before relaxing)
 .debug_str     0x0000000000093738       0x7e ./Core/Src/system_stm32f1xx.o
                                      0x8e165 (size before relaxing)
 .debug_str     0x00000000000937b6       0x36 ./Core/Startup/startup_stm32f103vetx.o
                                         0x88 (size before relaxing)
 .debug_str     0x00000000000937ec      0x695 ./Drivers/STM32F1xx_HAL_Driver/Src/stm32f1xx_hal.o
                                      0x8e97c (size before relaxing)
 .debug_str     0x0000000000093e81      0x2b1 ./Drivers/STM32F1xx_HAL_Driver/Src/stm32f1xx_hal_cortex.o
                                      0x8e8c8 (size before relaxing)
 .debug_str     0x0000000000094132      0x2d5 ./Drivers/STM32F1xx_HAL_Driver/Src/stm32f1xx_hal_gpio.o
                                      0x8e4eb (size before relaxing)
 .debug_str     0x0000000000094407      0x229 ./Drivers/STM32F1xx_HAL_Driver/Src/stm32f1xx_hal_rcc.o
                                      0x8e594 (size before relaxing)
 .debug_str     0x0000000000094630      0x56c ./Drivers/STM32F1xx_HAL_Driver/Src/stm32f1xx_hal_spi.o
                                      0x8ea97 (size before relaxing)
 .debug_str     0x0000000000094b9c      0x297 ./Drivers/STM32F1xx_HAL_Driver/Src/stm32f1xx_hal_sram.o
                                      0x8e7e8 (size before relaxing)
 .debug_str     0x0000000000094e33      0x5c4 ./Drivers/STM32F1xx_HAL_Driver/Src/stm32f1xx_hal_uart.o
                                      0x8eb9f (size before relaxing)
 .debug_str     0x00000000000953f7      0x747 ./Drivers/STM32F1xx_HAL_Driver/Src/stm32f1xx_ll_fsmc.o
                                      0x8eaca (size before relaxing)
 .debug_str     0x0000000000095b3e      0x125 ./FATFS/App/fatfs.o
                                      0x8ea9d (size before relaxing)
 .debug_str     0x0000000000095c63      0x12f ./FATFS/Target/user_diskio.o
                                      0x9181d (size before relaxing)

.comment        0x0000000000000000       0x50
 .comment       0x0000000000000000       0x50 ./Core/Middlewares/Third_Party/FatFs/src/ff_gen_drv.o
                                         0x51 (size before relaxing)
 .comment       0x0000000000000050       0x51 ./Core/Src/dy_sv17f.o
 .comment       0x0000000000000050       0x51 ./Core/Src/lcd.o
 .comment       0x0000000000000050       0x51 ./Core/Src/main.o
 .comment       0x0000000000000050       0x51 ./Core/Src/stm32f1xx_hal_msp.o
 .comment       0x0000000000000050       0x51 ./Core/Src/stm32f1xx_it.o
 .comment       0x0000000000000050       0x51 ./Core/Src/system_stm32f1xx.o
 .comment       0x0000000000000050       0x51 ./Drivers/STM32F1xx_HAL_Driver/Src/stm32f1xx_hal.o
 .comment       0x0000000000000050       0x51 ./Drivers/STM32F1xx_HAL_Driver/Src/stm32f1xx_hal_cortex.o
 .comment       0x0000000000000050       0x51 ./Drivers/STM32F1xx_HAL_Driver/Src/stm32f1xx_hal_gpio.o
 .comment       0x0000000000000050       0x51 ./Drivers/STM32F1xx_HAL_Driver/Src/stm32f1xx_hal_rcc.o
 .comment       0x0000000000000050       0x51 ./Drivers/STM32F1xx_HAL_Driver/Src/stm32f1xx_hal_spi.o
 .comment       0x0000000000000050       0x51 ./Drivers/STM32F1xx_HAL_Driver/Src/stm32f1xx_hal_sram.o
 .comment       0x0000000000000050       0x51 ./Drivers/STM32F1xx_HAL_Driver/Src/stm32f1xx_hal_uart.o
 .comment       0x0000000000000050       0x51 ./Drivers/STM32F1xx_HAL_Driver/Src/stm32f1xx_ll_fsmc.o
 .comment       0x0000000000000050       0x51 ./FATFS/App/fatfs.o
 .comment       0x0000000000000050       0x51 ./FATFS/Target/user_diskio.o

.debug_frame    0x0000000000000000     0x2db8
 .debug_frame   0x0000000000000000       0xc8 ./Core/Middlewares/Third_Party/FatFs/src/ff_gen_drv.o
 .debug_frame   0x00000000000000c8      0x3c0 ./Core/Src/dy_sv17f.o
 .debug_frame   0x0000000000000488      0x254 ./Core/Src/lcd.o
 .debug_frame   0x00000000000006dc       0xf0 ./Core/Src/main.o
 .debug_frame   0x00000000000007cc      0x150 ./Core/Src/stm32f1xx_hal_msp.o
 .debug_frame   0x000000000000091c      0x104 ./Core/Src/stm32f1xx_it.o
 .debug_frame   0x0000000000000a20       0x58 ./Core/Src/system_stm32f1xx.o
 .debug_frame   0x0000000000000a78      0x334 ./Drivers/STM32F1xx_HAL_Driver/Src/stm32f1xx_hal.o
 .debug_frame   0x0000000000000dac      0x428 ./Drivers/STM32F1xx_HAL_Driver/Src/stm32f1xx_hal_cortex.o
 .debug_frame   0x00000000000011d4      0x14c ./Drivers/STM32F1xx_HAL_Driver/Src/stm32f1xx_hal_gpio.o
 .debug_frame   0x0000000000001320      0x21c ./Drivers/STM32F1xx_HAL_Driver/Src/stm32f1xx_hal_rcc.o
 .debug_frame   0x000000000000153c      0x824 ./Drivers/STM32F1xx_HAL_Driver/Src/stm32f1xx_hal_spi.o
 .debug_frame   0x0000000000001d60      0x30c ./Drivers/STM32F1xx_HAL_Driver/Src/stm32f1xx_hal_sram.o
 .debug_frame   0x000000000000206c      0x914 ./Drivers/STM32F1xx_HAL_Driver/Src/stm32f1xx_hal_uart.o
 .debug_frame   0x0000000000002980      0x2dc ./Drivers/STM32F1xx_HAL_Driver/Src/stm32f1xx_ll_fsmc.o
 .debug_frame   0x0000000000002c5c       0x4c ./FATFS/App/fatfs.o
 .debug_frame   0x0000000000002ca8       0xc4 ./FATFS/Target/user_diskio.o
 .debug_frame   0x0000000000002d6c       0x2c c:/st/stm32cubeide_1.9.0/stm32cubeide/plugins/com.st.stm32cube.ide.mcu.externaltools.gnu-tools-for-stm32.10.3-2021.10.win32_1.0.0.202111181127/tools/bin/../lib/gcc/arm-none-eabi/10.3.1/../../../../arm-none-eabi/lib/thumb/v7-m/nofp\libc_nano.a(lib_a-init.o)
 .debug_frame   0x0000000000002d98       0x20 c:/st/stm32cubeide_1.9.0/stm32cubeide/plugins/com.st.stm32cube.ide.mcu.externaltools.gnu-tools-for-stm32.10.3-2021.10.win32_1.0.0.202111181127/tools/bin/../lib/gcc/arm-none-eabi/10.3.1/../../../../arm-none-eabi/lib/thumb/v7-m/nofp\libc_nano.a(lib_a-memset.o)
