../Core/Src/dy_sv17f.c:12:16:calculateChecksum	24	static
../Core/Src/dy_sv17f.c:20:13:send_command	24	static
../Core/Src/dy_sv17f.c:27:6:DY_Init	16	static
../Core/Src/dy_sv17f.c:31:9:DY_GetPlayStatus	24	static
../Core/Src/dy_sv17f.c:41:6:DY_Play	16	static
../Core/Src/dy_sv17f.c:46:6:DY_Pause	16	static
../Core/Src/dy_sv17f.c:51:6:DY_Stop	16	static
../Core/Src/dy_sv17f.c:56:6:DY_PrevTrack	16	static
../Core/Src/dy_sv17f.c:61:6:DY_NextTrack	16	static
../Core/Src/dy_sv17f.c:66:6:DY_PlayTrack	24	static
../Core/Src/dy_sv17f.c:75:9:DY_GetCurrentDevice	24	static
../Core/Src/dy_sv17f.c:85:6:DY_SelectDevice	24	static
../Core/Src/dy_sv17f.c:91:10:DY_GetTotalTracks	24	static
../Core/Src/dy_sv17f.c:102:10:DY_GetCurrentTrack	24	static
../Core/Src/dy_sv17f.c:113:6:DY_PlayLastTrack	16	static
../Core/Src/dy_sv17f.c:118:6:DY_PlayFirstTrack	16	static
../Core/Src/dy_sv17f.c:123:6:DY_QuitCurrentPlay	16	static
../Core/Src/dy_sv17f.c:128:10:DY_GetFirstTrack	24	static
../Core/Src/dy_sv17f.c:139:10:DY_GetNumberTrack	24	static
../Core/Src/dy_sv17f.c:150:6:DY_SetVolume	24	static
../Core/Src/dy_sv17f.c:156:6:DY_VolumePlus	16	static
../Core/Src/dy_sv17f.c:161:6:DY_VolumeMinus	16	static
../Core/Src/dy_sv17f.c:166:6:DY_EQSetting	24	static
../Core/Src/dy_sv17f.c:172:10:DY_GetCurrentTrackLength	32	static
../Core/Src/dy_sv17f.c:187:10:DY_UpdatePlayTime	32	static
../Core/Src/dy_sv17f.c:202:6:DY_ClosePlayTime	16	static
../Core/Src/dy_sv17f.c:207:6:DY_PlayBlankSpace	32	static
../Core/Src/dy_sv17f.c:212:6:DY_volumeTo14	16	static
../Core/Src/dy_sv17f.c:217:6:DY_PlayAnApple	32	static
