../Core/Src/dy_sv17f.c:12:16:calculateChecksum	24	static
../Core/Src/dy_sv17f.c:20:13:send_command	24	static
../Core/Src/dy_sv17f.c:27:6:DY_Init	16	static
../Core/Src/dy_sv17f.c:31:9:DY_GetPlayStatus	24	static
../Core/Src/dy_sv17f.c:41:6:DY_Play	16	static
../Core/Src/dy_sv17f.c:46:6:DY_Pause	16	static
../Core/Src/dy_sv17f.c:51:6:DY_Stop	16	static
../Core/Src/dy_sv17f.c:56:6:DY_PrevTrack	16	static
../Core/Src/dy_sv17f.c:61:6:DY_NextTrack	16	static
../Core/Src/dy_sv17f.c:66:6:DY_PlayTrack	32	static
../Core/Src/dy_sv17f.c:78:9:DY_GetCurrentDevice	24	static
../Core/Src/dy_sv17f.c:88:6:DY_SelectDevice	24	static
../Core/Src/dy_sv17f.c:94:10:DY_GetTotalTracks	24	static
../Core/Src/dy_sv17f.c:105:10:DY_GetCurrentTrack	24	static
../Core/Src/dy_sv17f.c:116:6:DY_PlayLastTrack	16	static
../Core/Src/dy_sv17f.c:121:6:DY_PlayFirstTrack	16	static
../Core/Src/dy_sv17f.c:126:6:DY_QuitCurrentPlay	16	static
../Core/Src/dy_sv17f.c:131:10:DY_GetFirstTrack	24	static
../Core/Src/dy_sv17f.c:142:10:DY_GetNumberTrack	24	static
../Core/Src/dy_sv17f.c:153:6:DY_SetVolume	24	static
../Core/Src/dy_sv17f.c:159:6:DY_VolumePlus	16	static
../Core/Src/dy_sv17f.c:164:6:DY_VolumeMinus	16	static
../Core/Src/dy_sv17f.c:169:6:DY_EQSetting	24	static
../Core/Src/dy_sv17f.c:175:10:DY_GetCurrentTrackLength	32	static
../Core/Src/dy_sv17f.c:190:10:DY_UpdatePlayTime	32	static
../Core/Src/dy_sv17f.c:205:6:DY_ClosePlayTime	16	static
