../Core/Src/stm32f1xx_hal_msp.c:63:6:HAL_MspInit	24	static
../Core/Src/stm32f1xx_hal_msp.c:89:6:HAL_SPI_MspInit	40	static
../Core/Src/stm32f1xx_hal_msp.c:129:6:HAL_SPI_MspDeInit	16	static
../Core/Src/stm32f1xx_hal_msp.c:159:6:HAL_UART_MspInit	40	static
../Core/Src/stm32f1xx_hal_msp.c:198:6:HAL_UART_MspDeInit	16	static
../Core/Src/stm32f1xx_hal_msp.c:223:13:HAL_FSMC_MspInit	32	static
../Core/Src/stm32f1xx_hal_msp.c:277:6:HAL_SRAM_MspInit	16	static
../Core/Src/stm32f1xx_hal_msp.c:289:13:HAL_FSMC_MspDeInit	8	static
../Core/Src/stm32f1xx_hal_msp.c:335:6:HAL_SRAM_MspDeInit	16	static
